[{"stream_name":"stdout","time":6.619058011,"data":"======================================================================\n"}
,{"stream_name":"stdout","time":6.619139894,"data":"TSO foundation pretraining V14 — balanced corpus, forced Koopman linearity\n"}
,{"stream_name":"stdout","time":6.619147356,"data":"======================================================================\n"}
,{"stream_name":"stdout","time":6.619152441,"data":"  no CUDA available; running on CPU\n"}
,{"stream_name":"stdout","time":6.619156967,"data":"2.10.0+cpu cuda: False \n"}
,{"stream_name":"stdout","time":6.61916131,"data":"\n"}
,{"stream_name":"stdout","time":6.619174128,"data":"[1/5] corpus from attached datasets\n"}
,{"stream_name":"stdout","time":6.619179426,"data":"  /kaggle/input: ['hourly-energy-consumption', 'cardiac-arrhythmia-ecg-dataset-mit-bih', 'weather-dataset-rattle-package', 'cryptocurrencypricehistory', 'sunspots', 'air-passengers', 'corona-virus-report']\n"}
,{"stream_name":"stdout","time":7.810245296,"data":"  corpus + ecg-215            [physiology  ] len= 3361 held_out=False\n"}
,{"stream_name":"stdout","time":7.811521789,"data":"  corpus + ecg-233            [physiology  ] len= 3067 held_out=False\n"}
,{"stream_name":"stdout","time":7.812759531,"data":"  corpus + ecg-209            [physiology  ] len= 3004 held_out=False\n"}
,{"stream_name":"stdout","time":9.744818243,"data":"  corpus + AEP                [energy-grid ] len= 4096 held_out=False\n"}
,{"stream_name":"stdout","time":9.746301555,"data":"  corpus + COMED              [energy-grid ] len= 4096 held_out=False\n"}
,{"stream_name":"stdout","time":9.747588742,"data":"  corpus + DAYTON             [energy-grid ] len= 4096 held_out=False\n"}
,{"stream_name":"stdout","time":9.74893301,"data":"  corpus + DEOK               [energy-grid ] len= 4096 held_out=False\n"}
,{"stream_name":"stdout","time":9.750356843,"data":"  corpus + DOM                [energy-grid ] len= 4096 held_out=False\n"}
,{"stream_name":"stdout","time":9.751634305,"data":"  corpus + DUQ                [energy-grid ] len= 4096 held_out=False\n"}
,{"stream_name":"stdout","time":9.752945,"data":"  corpus + EKPC               [energy-grid ] len= 4096 held_out=False\n"}
,{"stream_name":"stdout","time":9.754326281,"data":"  corpus + FE                 [energy-grid ] len= 4096 held_out=False\n"}
,{"stream_name":"stdout","time":9.755608905999999,"data":"  corpus + NI                 [energy-grid ] len= 4096 held_out=False\n"}
,{"stream_name":"stdout","time":9.756951076,"data":"  corpus + PJME               [energy-grid ] len= 4096 held_out=False\n"}
,{"stream_name":"stdout","time":9.758305368,"data":"  corpus + PJMW               [energy-grid ] len= 4096 held_out=False\n"}
,{"stream_name":"stdout","time":10.267915726,"data":"  corpus + weather-Temp3pm    [meteorology ] len= 4096 held_out=False\n"}
,{"stream_name":"stdout","time":10.269198143,"data":"  corpus + weather-MinTemp    [meteorology ] len= 4096 held_out=False\n"}
,{"stream_name":"stdout","time":10.270530406,"data":"  corpus + weather-MaxTemp    [meteorology ] len= 4096 held_out=False\n"}
,{"stream_name":"stdout","time":10.271829551,"data":"  corpus + weather-Temp9am    [meteorology ] len= 4096 held_out=False\n"}
,{"stream_name":"stdout","time":10.273137681,"data":"  corpus + weather-Humidity3pm [meteorology ] len= 4096 held_out=False\n"}
,{"stream_name":"stdout","time":10.274460652,"data":"  corpus + weather-Humidity9am [meteorology ] len= 4096 held_out=False\n"}
,{"stream_name":"stdout","time":10.275732714,"data":"  corpus + weather-Pressure3pm [meteorology ] len= 4096 held_out=False\n"}
,{"stream_name":"stdout","time":10.277052166,"data":"  corpus + weather-Pressure9am [meteorology ] len= 4096 held_out=False\n"}
,{"stream_name":"stdout","time":10.278338679,"data":"  corpus + weather-Rainfall   [meteorology ] len= 4096 held_out=False\n"}
,{"stream_name":"stdout","time":11.59028308,"data":"  corpus + Litecoin           [finance     ] len= 2991 held_out=False\n"}
,{"stream_name":"stdout","time":11.591468425,"data":"  corpus + Bitcoin            [finance     ] len= 2991 held_out=False\n"}
,{"stream_name":"stdout","time":11.592580483,"data":"  corpus + XRP                [finance     ] len= 2893 held_out=False\n"}
,{"stream_name":"stdout","time":11.593750517,"data":"  corpus + Dogecoin           [finance     ] len= 2760 held_out=False\n"}
,{"stream_name":"stdout","time":11.59490947,"data":"  corpus + Monero             [finance     ] len= 2602 held_out=False\n"}
,{"stream_name":"stdout","time":11.59604504,"data":"  corpus + Stellar            [finance     ] len= 2527 held_out=False\n"}
,{"stream_name":"stdout","time":11.597158747,"data":"  corpus + Tether             [finance     ] len= 2318 held_out=False\n"}
,{"stream_name":"stdout","time":11.598241135,"data":"  corpus + NEM                [finance     ] len= 2288 held_out=False\n"}
,{"stream_name":"stdout","time":11.635299705,"data":"  corpus + sunspots           [solar-physics] len= 3265 held_out=True\n"}
,{"stream_name":"stdout","time":11.670894195,"data":"  corpus + airline            [economics   ] len=  144 held_out=False\n"}
,{"stream_name":"stdout","time":11.801136567,"data":"  corpus + covid-india        [epidemiology] len=  187 held_out=False\n"}
,{"stream_name":"stdout","time":11.801545988,"data":"  corpus + covid-brazil       [epidemiology] len=  187 held_out=False\n"}
,{"stream_name":"stdout","time":11.801993541,"data":"  corpus + covid-germany      [epidemiology] len=  187 held_out=False\n"}
,{"stream_name":"stdout","time":11.803165687,"data":"  corpus + covid-france       [epidemiology] len= 2067 held_out=False\n"}
,{"stream_name":"stdout","time":11.803656602,"data":"  corpus + covid-us           [epidemiology] len=  187 held_out=True\n"}
,{"stream_name":"stdout","time":13.046469164,"data":"  corpus + lorenz-x           [physics     ] len= 4096 held_out=False\n"}
,{"stream_name":"stdout","time":13.04776391,"data":"  corpus + rossler-x          [physics     ] len= 4096 held_out=False\n"}
,{"stream_name":"stdout","time":13.047781455,"data":"  40 real series, held out: ['sunspots', 'covid-us']\n"}
,{"stream_name":"stdout","time":21.875649088,"data":"  + 192 synthetic dynamics series (attractor sweeps, maps, stochastic regimes)\n"}
,{"stream_name":"stdout","time":21.875697273,"data":"\n"}
,{"stream_name":"stdout","time":21.87570489,"data":"[2/5] AMP training-loop benchmark\n"}
,{"stream_name":"stdout","time":28.169623893,"data":"  [bench] device=cpu amp=False 1.32 ms/iter over 300 iters\n"}
,{"stream_name":"stdout","time":28.368948517,"data":"\n"}
,{"stream_name":"stdout","time":28.368983541,"data":"[3/5] pretraining (latent 256 / hidden 768, 25000 iters, dyn_w=2.5, seed=0, device=cpu, corpus=496 entries = 38 real x8 + 192 synthetic)\n"}
,{"stream_name":"stdout","time":28.874263441,"data":"  pretrain iter     0: loss=4.27100 (recon 0.9718 dyn 1.0371 scale 0.0257 arrow 0.6935 arrow-acc 0.50)\n"}
,{"stream_name":"stdout","time":1525.537553434,"data":"  pretrain iter  5000: loss=0.94430 (recon 0.0652 dyn 0.3445 scale 0.0349 arrow 0.0003 arrow-acc 1.00)\n"}
,{"stream_name":"stdout","time":3019.770352137,"data":"  pretrain iter 10000: loss=0.22335 (recon 0.0608 dyn 0.0582 scale 0.0267 arrow 0.0038 arrow-acc 1.00)\n"}
,{"stream_name":"stdout","time":4509.06103682,"data":"  pretrain iter 15000: loss=2.23623 (recon 0.0765 dyn 0.8498 scale 0.0285 arrow 0.0210 arrow-acc 1.00)\n"}
,{"stream_name":"stdout","time":6001.471545196,"data":"  pretrain iter 20000: loss=0.59889 (recon 0.0282 dyn 0.1676 scale 0.0181 arrow 0.1427 arrow-acc 1.00)\n"}
,{"stream_name":"stdout","time":7493.117577597,"data":"  pretrain iter 24999: loss=1.30991 (recon 0.0291 dyn 0.2699 scale 0.0311 arrow 0.5905 arrow-acc 0.75)\n"}
,{"stream_name":"stdout","time":7494.610768483,"data":"\n"}
,{"stream_name":"stdout","time":7494.610803748,"data":"[4/5] zero-shot transfer + in-kernel baselines\n"}
,{"stream_name":"stdout","time":7499.400004403,"data":"  frozen ecg-215               : skill=   +0.2%  corr=-0.04  gru=   -3.4%\n"}
,{"stream_name":"stdout","time":7503.393891635,"data":"  frozen ecg-233               : skill=   +1.4%  corr=+0.27  gru=   +0.8%\n"}
,{"stream_name":"stdout","time":7507.268250175,"data":"  frozen ecg-209               : skill=   +1.6%  corr=-0.00  gru= -203.5%\n"}
,{"stream_name":"stdout","time":7511.972275802,"data":"  frozen AEP                   : skill=   +7.9%  corr=+0.38  gru= -133.7%\n"}
,{"stream_name":"stdout","time":7515.617291565,"data":"  frozen COMED                 : skill=  +20.9%  corr=+0.30  gru=  -69.8%\n"}
,{"stream_name":"stdout","time":7520.28654827,"data":"  frozen DAYTON                : skill=   +8.0%  corr=+0.36  gru= -130.5%\n"}
,{"stream_name":"stdout","time":7523.952373052,"data":"  frozen DEOK                  : skill=  +38.8%  corr=+0.08  gru=   +6.1%\n"}
,{"stream_name":"stdout","time":7527.561234085,"data":"  frozen DOM                   : skill=  +48.3%  corr=+0.47  gru=  -52.2%\n"}
,{"stream_name":"stdout","time":7532.219410446,"data":"  frozen DUQ                   : skill=  +54.5%  corr=+0.38  gru=  -15.0%\n"}
,{"stream_name":"stdout","time":7535.827068136,"data":"  frozen EKPC                  : skill=  +65.9%  corr=+0.49  gru=  +19.6%\n"}
,{"stream_name":"stdout","time":7540.541257261,"data":"  frozen FE                    : skill=  -19.2%  corr=-0.04  gru= -157.6%\n"}
,{"stream_name":"stdout","time":7544.224217395,"data":"  frozen NI                    : skill=   +1.2%  corr=+0.05  gru= -176.1%\n"}
,{"stream_name":"stdout","time":7548.921577624,"data":"  frozen PJME                  : skill=  +20.8%  corr=+0.00  gru=  +25.7%\n"}
,{"stream_name":"stdout","time":7553.638373271,"data":"  frozen PJMW                  : skill=   -7.1%  corr=-0.11  gru= -102.3%\n"}
,{"stream_name":"stdout","time":7558.340572562,"data":"  frozen weather-Temp3pm       : skill=   -3.6%  corr=+0.03  gru=  -43.2%\n"}
,{"stream_name":"stdout","time":7563.07122009,"data":"  frozen weather-MinTemp       : skill=  -16.0%  corr=+0.06  gru= -209.5%\n"}
,{"stream_name":"stdout","time":7567.75902853,"data":"  frozen weather-MaxTemp       : skill=   +3.2%  corr=+0.18  gru=  -78.1%\n"}
,{"stream_name":"stdout","time":7572.442894338,"data":"  frozen weather-Temp9am       : skill=  +30.1%  corr=+0.13  gru=  -48.7%\n"}
,{"stream_name":"stdout","time":7577.156828079,"data":"  frozen weather-Humidity3pm   : skill=  +17.3%  corr=+0.12  gru=  -41.3%\n"}
,{"stream_name":"stdout","time":7581.911261205,"data":"  frozen weather-Humidity9am   : skill=  +22.9%  corr=+0.11  gru=  +21.8%\n"}
,{"stream_name":"stdout","time":7586.657751809,"data":"  frozen weather-Pressure3pm   : skill=  +18.2%  corr=+0.13  gru=  +17.3%\n"}
,{"stream_name":"stdout","time":7591.470043557,"data":"  frozen weather-Pressure9am   : skill=  +33.4%  corr=+0.12  gru=  +33.8%\n"}
,{"stream_name":"stdout","time":7597.399585304,"data":"  frozen weather-Rainfall      : skill=   +2.0%  corr=+0.04  gru=   +7.9%\n"}
,{"stream_name":"stdout","time":7598.608488823,"data":"  frozen Litecoin              : skill=  +43.7%  corr=+0.20  gru=  -16.1%\n"}
,{"stream_name":"stdout","time":7599.818291549,"data":"  frozen Bitcoin               : skill=  -30.5%  corr=+0.28  gru=  -64.4%\n"}
,{"stream_name":"stdout","time":7601.038232738,"data":"  frozen XRP                   : skill=  +31.0%  corr=-0.52  gru= -590.2%\n"}
,{"stream_name":"stdout","time":7602.155875402,"data":"  frozen Dogecoin              : skill=-1299.9%  corr=-0.26  gru=-1962.5%\n"}
,{"stream_name":"stdout","time":7603.234226877,"data":"  frozen Monero                : skill= -109.7%  corr=+0.61  gru= -147.5%\n"}
,{"stream_name":"stdout","time":7604.258285009,"data":"  frozen Stellar               : skill=  +12.3%  corr=+0.13  gru=  -43.5%\n"}
,{"stream_name":"stdout","time":7605.299545344,"data":"  frozen Tether                : skill=  +17.2%  corr=+0.59  gru=-1506.2%\n"}
,{"stream_name":"stdout","time":7606.266509421,"data":"  frozen NEM                   : skill=  -54.9%  corr=-0.54  gru=-1321.7%\n"}
,{"stream_name":"stdout","time":7609.604693046,"data":"  frozen sunspots              : skill=   +4.8%  corr=-0.19  gru= -281.1%\n"}
,{"stream_name":"stdout","time":7610.11239024,"data":"  frozen airline               : skill=  -11.7%  corr=-0.44  gru=  -67.6%\n"}
,{"stream_name":"stdout","time":7610.588566985,"data":"  frozen covid-india           : skill=-65312.7%  corr=+0.18  gru=-24021.4%\n"}
,{"stream_name":"stdout","time":7611.083002921,"data":"  frozen covid-brazil          : skill=  -55.2%  corr=+0.08  gru=  +17.5%\n"}
,{"stream_name":"stdout","time":7611.591282491,"data":"  frozen covid-germany         : skill= -586.8%  corr=+0.06  gru=-1116.3%\n"}
,{"stream_name":"stdout","time":7612.529323947,"data":"  frozen covid-france          : skill=   -0.9%  corr=-0.01  gru=   -0.0%\n"}
,{"stream_name":"stdout","time":7613.055203153,"data":"  frozen covid-us              : skill=-1760.1%  corr=+0.35  gru= -850.5%\n"}
,{"stream_name":"stdout","time":7615.609915182,"data":"  frozen lorenz-x              : skill=  -64.9%  corr=-0.62  gru=  +11.6%\n"}
,{"stream_name":"stdout","time":7617.269240213,"data":"  frozen rossler-x             : skill= -180.0%  corr=-0.52  gru=  -56.7%\n"}
,{"stream_name":"stdout","time":7621.408910982,"data":"  scratch sunspots              : skill=  +22.8%  corr=-0.03\n"}
,{"stream_name":"stdout","time":7623.497297787,"data":"  scratch covid-us              : skill=  -51.6%  corr=+0.50\n"}
,{"stream_name":"stdout","time":7630.300302796,"data":"  SOLAR-CYCLE DISCOVERY: the frozen operator on the held-out sunspot series reads a dominant period of 128 months (10.7 years) at the coarsest scale — against the known Schwabe cycle of 132 months (~11 years).\n"}
,{"stream_name":"stdout","time":7630.302161061,"data":"\n"}
,{"stream_name":"stdout","time":7630.302188303,"data":"  -\u003e outputs in /kaggle/working:\n"}
,{"stream_name":"stdout","time":7630.302196122,"data":"     foundation_model.pt\n"}
,{"stream_name":"stdout","time":7630.302202186,"data":"     latent_geometry.png\n"}
,{"stream_name":"stdout","time":7630.302207906,"data":"     metrics.json\n"}
,{"stream_name":"stdout","time":7630.302213587,"data":"     pretrain_curves.png\n"}
,{"stream_name":"stdout","time":7630.302219313,"data":"     solar_cycle.png\n"}
,{"stream_name":"stdout","time":7630.302225216,"data":"     train_loop_bench.json\n"}
,{"stream_name":"stdout","time":7630.302230763,"data":"     zero_shot_covid-us.png\n"}
,{"stream_name":"stdout","time":7630.302236432,"data":"     zero_shot_sunspots.png\n"}
,{"stream_name":"stdout","time":7630.30224208,"data":"DONE\n"}
,{"stream_name":"stderr","time":7633.973682624,"data":"/usr/local/lib/python3.12/dist-packages/mistune.py:435: SyntaxWarning: invalid escape sequence '\\|'\n"}
,{"stream_name":"stderr","time":7633.973802828,"data":"  cells[i][c] = re.sub('\\\\\\\\\\|', '|', cell)\n"}
,{"stream_name":"stderr","time":7634.250699011,"data":"/usr/local/lib/python3.12/dist-packages/nbconvert/filters/filter_links.py:36: SyntaxWarning: invalid escape sequence '\\_'\n"}
,{"stream_name":"stderr","time":7634.25074455,"data":"  text = re.sub(r'_', '\\_', text) # Escape underscores in display text\n"}
,{"stream_name":"stderr","time":7635.009951674,"data":"[NbConvertApp] Converting notebook __script__.ipynb to html\n"}
,{"stream_name":"stderr","time":7637.200425243,"data":"[NbConvertApp] Writing 920322 bytes to __results__.html\n"}
]