✓ Initialized. View run at 
https://modal.com/apps/sehajr-singhs/main/ap-PtzaUXGC3ft8tV54Qy1Hb8
✓ Created objects.
├── 🔨 Created mount 
│   C:\Users\sehaj\OneDrive\Desktop\time-series-operator\scripts\modal_v11.py
├── 🔨 Created mount 
│   C:\Users\sehaj\OneDrive\Desktop\time-series-operator\output\modal_corpus
├── 🔨 Created mount 
│   C:\Users\sehaj\OneDrive\Desktop\time-series-operator\kaggle_kernel_tso
└── 🔨 Created function train_seed.
spawned seeds 0,1,2 on Modal (T4, latent 256, hidden 768, 25000 iters) — waiting...
[seed 0] device=cuda (Tesla T4)
[seed 0] 40 series, held out: ['sunspots', 'covid-us']
[seed 0] pretraining latent=256 hidden=768 iters=25000
  pretrain iter     0: loss=1.70561 (recon 0.6372 dyn 0.7307 scale 0.0190 arrow 0.6936 arrow-acc 0.50)
[seed 1] device=cuda (Tesla T4)
[seed 1] 40 series, held out: ['sunspots', 'covid-us']
[seed 1] pretraining latent=256 hidden=768 iters=25000
[seed 2] device=cuda (Tesla T4)
[seed 2] 40 series, held out: ['sunspots', 'covid-us']
[seed 2] pretraining latent=256 hidden=768 iters=25000
  pretrain iter     0: loss=2.11133 (recon 0.9309 dyn 0.9507 scale 0.0219 arrow 0.6941 arrow-acc 0.50)
  pretrain iter     0: loss=1.81394 (recon 0.7305 dyn 0.7574 scale 0.0208 arrow 0.6943 arrow-acc 0.50)
  pretrain iter  5000: loss=0.18665 (recon 0.0420 dyn 0.2399 scale 0.0338 arrow 0.0079 arrow-acc 1.00)
  pretrain iter  5000: loss=0.88145 (recon 0.0241 dyn 1.6714 scale 0.0416 arrow 0.0008 arrow-acc 1.00)
  pretrain iter  5000: loss=0.87170 (recon 0.0478 dyn 0.2940 scale 0.0767 arrow 0.6385 arrow-acc 0.56)
  pretrain iter 10000: loss=0.64331 (recon 0.0024 dyn 0.0030 scale 0.0013 arrow 0.6388 arrow-acc 0.56)
  pretrain iter 10000: loss=1.69199 (recon 0.1139 dyn 0.4988 scale 0.1521 arrow 1.2527 arrow-acc 0.56)
  pretrain iter 10000: loss=0.64221 (recon 0.0128 dyn 0.0679 scale 0.0185 arrow 0.5862 arrow-acc 0.62)
  pretrain iter 15000: loss=0.62335 (recon 0.0813 dyn 0.9813 scale 0.0864 arrow 0.0081 arrow-acc 1.00)
  pretrain iter 15000: loss=0.34644 (recon 0.0454 dyn 0.5395 scale 0.0608 arrow 0.0009 arrow-acc 1.00)
  pretrain iter 15000: loss=0.77818 (recon 0.0424 dyn 0.2274 scale 0.0394 arrow 0.6024 arrow-acc 0.69)
  pretrain iter 20000: loss=0.79369 (recon 0.0294 dyn 1.4949 scale 0.0281 arrow 0.0028 arrow-acc 1.00)
  pretrain iter 20000: loss=0.24343 (recon 0.0151 dyn 0.4238 scale 0.0326 arrow 0.0001 arrow-acc 1.00)
  pretrain iter 24999: loss=0.14691 (recon 0.0204 dyn 0.2064 scale 0.0424 arrow 0.0021 arrow-acc 1.00)
[seed 2] pretraining done: final loss 0.14691
[seed 2] frozen ecg-215               : skill=   -2.8% corr=+0.07 gru=   -3.4%
[seed 2] frozen ecg-233               : skill=   -3.8% corr=+0.21 gru=   +0.8%
  pretrain iter 20000: loss=0.35523 (recon 0.0340 dyn 0.5849 scale 0.0546 arrow 0.0014 arrow-acc 1.00)
[seed 2] frozen ecg-209               : skill=  -10.3% corr=+0.02 gru= -203.5%
[seed 2] frozen AEP                   : skill=   +1.9% corr=+0.21 gru= -133.7%
[seed 2] frozen COMED                 : skill=   -6.4% corr=-0.29 gru=  -69.8%
[seed 2] frozen DAYTON                : skill=  -30.0% corr=-0.14 gru= -130.5%
[seed 2] frozen DEOK                  : skill=  +35.1% corr=-0.13 gru=   +6.1%
[seed 2] frozen DOM                   : skill=  +53.8% corr=+0.63 gru=  -52.2%
[seed 2] frozen DUQ                   : skill=  +33.3% corr=+0.58 gru=  -15.0%
[seed 2] frozen EKPC                  : skill=  +61.3% corr=+0.49 gru=  +19.6%
[seed 2] frozen FE                    : skill=  -24.2% corr=+0.03 gru= -157.6%
[seed 2] frozen NI                    : skill=  -36.6% corr=+0.01 gru= -176.1%
[seed 2] frozen PJME                  : skill=  +16.0% corr=+0.02 gru=  +25.7%
[seed 2] frozen PJMW                  : skill=   -8.8% corr=-0.14 gru= -102.3%
[seed 2] frozen weather-Temp3pm       : skill=   -4.6% corr=+0.00 gru=  -43.2%
  pretrain iter 24999: loss=0.36711 (recon 0.0107 dyn 0.6867 scale 0.0259 arrow 0.0002 arrow-acc 1.00)
[seed 2] frozen weather-MinTemp       : skill=  -22.8% corr=-0.00 gru= -209.5%
[seed 2] frozen weather-MaxTemp       : skill=   -6.1% corr=+0.12 gru=  -78.1%
[seed 0] pretraining done: final loss 0.36711
[seed 2] frozen weather-Temp9am       : skill=  +11.8% corr=+0.10 gru=  -48.7%
[seed 2] frozen weather-Humidity3pm   : skill=  +12.8% corr=+0.05 gru=  -41.3%
[seed 0] frozen ecg-215               : skill=   +0.9% corr=+0.05 gru=   -3.4%
[seed 2] frozen weather-Humidity9am   : skill=  +22.1% corr=+0.17 gru=  +21.8%
[seed 0] frozen ecg-233               : skill=   -0.2% corr=+0.18 gru=   +0.8%
[seed 2] frozen weather-Pressure3pm   : skill=  +17.4% corr=+0.12 gru=  +17.3%
[seed 0] frozen ecg-209               : skill=   -7.2% corr=+0.01 gru= -203.5%
[seed 2] frozen weather-Pressure9am   : skill=  +33.9% corr=+0.12 gru=  +33.8%
[seed 0] frozen AEP                   : skill=   +8.5% corr=+0.35 gru= -133.7%
[seed 2] frozen weather-Rainfall      : skill=   +7.1% corr=-0.05 gru=   +7.9%
[seed 2] frozen Litecoin              : skill=  +44.1% corr=+0.25 gru=  -16.1%
[seed 0] frozen COMED                 : skill=  +17.6% corr=+0.25 gru=  -69.8%
[seed 2] frozen Bitcoin               : skill= -951.8% corr=-0.36 gru=  -64.4%
[seed 2] frozen XRP                   : skill=  +36.7% corr=+0.91 gru= -590.2%
[seed 2] frozen Dogecoin              : skill=-1176.8% corr=+0.77 gru=-1962.5%
[seed 2] frozen Monero                : skill=  +28.7% corr=+0.60 gru= -147.5%  pretrain iter 24999: loss=0.99665 (recon 0.0466 dyn 1.2540 scale 0.2465 arrow 0.1998 arrow-acc 0.88)

[seed 2] frozen Stellar               : skill= -644.6% corr=+0.62 gru=  -43.5%
[seed 0] frozen DAYTON                : skill=   +6.1% corr=+0.33 gru= -130.5%[seed 2] frozen Tether                : skill=  -52.5% corr=-0.39 gru=-1506.2%

[seed 2] frozen NEM                   : skill= -894.8% corr=-0.89 gru=-1321.7%
[seed 0] frozen DEOK                  : skill=  +42.8% corr=+0.02 gru=   +6.1%
[seed 2] frozen sunspots              : skill=  -13.2% corr=-0.03 gru= -281.1%
[seed 2] frozen airline               : skill= -343.7% corr=-0.22 gru=  -67.6%
[seed 2] frozen covid-india           : skill=-46094.4% corr=+0.41 gru=-24021.4%
[seed 2] frozen covid-brazil          : skill=  +35.7% corr=+0.35 gru=  +17.5%
[seed 2] frozen covid-germany         : skill=-1424.4% corr=-0.15 gru=-1116.3%
[seed 2] frozen covid-france          : skill=   -0.2% corr=-0.04 gru=   -0.0%
[seed 2] frozen covid-us              : skill=-1402.5% corr=+0.23 gru= -850.5%
[seed 0] frozen DOM                   : skill=  +53.0% corr=+0.30 gru=  -52.2%
[seed 2] frozen lorenz-x              : skill=  -24.2% corr=-0.15 gru=  +11.6%
[seed 2] frozen rossler-x             : skill= -139.9% corr=-0.55 gru=  -56.7%
[seed 0] frozen DUQ                   : skill=  +57.4% corr=+0.50 gru=  -15.0%
[seed 2] scratch sunspots              : skill=  +22.8%  corr=-0.03
[seed 0] frozen EKPC                  : skill=  +66.0% corr=+0.47 gru=  +19.6%
[seed 2] scratch covid-us              : skill=  -51.6%  corr=+0.50
[seed 0] frozen FE                    : skill=  -29.1% corr=-0.02 gru= -157.6%
[seed 2] SOLAR-CYCLE DISCOVERY: 128 months (10.7 yr) vs known 132
[seed 2] DONE
[seed 0] frozen NI                    : skill=  -19.2% corr=-0.04 gru= -176.1%[seed 1] pretraining done: final loss 0.99665

[seed 0] frozen PJME                  : skill=  +22.4% corr=+0.04 gru=  +25.7%
[seed 1] frozen ecg-215               : skill=  -29.4% corr=-0.15 gru=   -3.4%
[seed 0] frozen PJMW                  : skill=   -9.2% corr=-0.09 gru= -102.3%[seed 1] frozen ecg-233               : skill=  -15.0% corr=+0.15 gru=   +0.8%

[seed 1] frozen ecg-209               : skill=  -40.1% corr=+0.09 gru= -203.5%
[seed 0] frozen weather-Temp3pm       : skill=   +7.2% corr=+0.11 gru=  -43.2%
[seed 1] frozen AEP                   : skill=  -49.0% corr=+0.38 gru= -133.7%
[seed 0] frozen weather-MinTemp       : skill=   -5.7% corr=+0.08 gru= -209.5%
[seed 1] frozen COMED                 : skill=  -15.3% corr=+0.36 gru=  -69.8%
[seed 0] frozen weather-MaxTemp       : skill=   +7.6% corr=+0.18 gru=  -78.1%
[seed 1] frozen DAYTON                : skill=  -35.6% corr=+0.36 gru= -130.5%
[seed 0] frozen weather-Temp9am       : skill=  +33.2% corr=+0.09 gru=  -48.7%
[seed 1] frozen DEOK                  : skill=  +36.6% corr=-0.10 gru=   +6.1%
[seed 0] frozen weather-Humidity3pm   : skill=  +14.5% corr=+0.12 gru=  -41.3%
[seed 1] frozen DOM                   : skill=  +47.3% corr=-0.12 gru=  -52.2%
[seed 0] frozen weather-Humidity9am   : skill=  +22.3% corr=+0.15 gru=  +21.8%
[seed 1] frozen DUQ                   : skill=  +21.6% corr=-0.08 gru=  -15.0%
[seed 0] frozen weather-Pressure3pm   : skill=  +17.0% corr=+0.10 gru=  +17.3%
[seed 1] frozen EKPC                  : skill=  +55.1% corr=+0.44 gru=  +19.6%
[seed 0] frozen weather-Pressure9am   : skill=  +33.7% corr=+0.11 gru=  +33.8%
[seed 1] frozen FE                    : skill=  -48.2% corr=+0.05 gru= -157.6%
[seed 1] frozen NI                    : skill=  -65.7% corr=-0.01 gru= -176.1%
[seed 0] frozen weather-Rainfall      : skill=   +7.5% corr=+0.05 gru=   +7.9%
[seed 0] frozen Litecoin              : skill=  +10.6% corr=-0.35 gru=  -16.1%
[seed 0] frozen Bitcoin               : skill= -675.2% corr=-0.02 gru=  -64.4%[seed 1] frozen PJME                  : skill=   +8.9% corr=+0.03 gru=  +25.7%

[seed 0] frozen XRP                   : skill=  -34.5% corr=-0.82 gru= -590.2%
[seed 0] frozen Dogecoin              : skill=-1665.2% corr=+0.29 gru=-1962.5%
[seed 0] frozen Monero                : skill=  -41.2% corr=+0.52 gru= -147.5%
[seed 1] frozen PJMW                  : skill=  -21.6% corr=-0.12 gru= -102.3%
[seed 0] frozen Stellar               : skill=  +24.5% corr=+0.72 gru=  -43.5%
[seed 0] frozen Tether                : skill=  -62.1% corr=+0.41 gru=-1506.2%
[seed 0] frozen NEM                   : skill= -426.7% corr=-0.87 gru=-1321.7%
[seed 1] frozen weather-Temp3pm       : skill=  -27.5% corr=-0.21 gru=  -43.2%
[seed 0] frozen sunspots              : skill=  -12.4% corr=-0.17 gru= -281.1%
[seed 0] frozen airline               : skill=   -7.7% corr=-0.64 gru=  -67.6%
[seed 0] frozen covid-india           : skill=-64917.4% corr=+0.44 gru=-24021.4%
[seed 0] frozen covid-brazil          : skill=  +34.9% corr=+0.44 gru=  +17.5%
[seed 1] frozen weather-MinTemp       : skill=  -72.2% corr=+0.07 gru= -209.5%
[seed 0] frozen covid-germany         : skill= -228.3% corr=-0.04 gru=-1116.3%
[seed 0] frozen covid-france          : skill=   -0.2% corr=-0.00 gru=   -0.0%
[seed 0] frozen covid-us              : skill=-1750.5% corr=+0.26 gru= -850.5%
[seed 0] frozen lorenz-x              : skill=  -29.7% corr=-0.65 gru=  +11.6%
[seed 1] frozen weather-MaxTemp       : skill=   -1.9% corr=+0.16 gru=  -78.1%
[seed 0] frozen rossler-x             : skill=  -87.2% corr=-0.84 gru=  -56.7%
[seed 1] frozen weather-Temp9am       : skill=  +17.2% corr=+0.07 gru=  -48.7%
[seed 0] scratch sunspots              : skill=  +22.8%  corr=-0.03
[seed 0] scratch covid-us              : skill=  -51.6%  corr=+0.50
[seed 1] frozen weather-Humidity3pm   : skill=   +2.9% corr=+0.13 gru=  -41.3%
[seed 1] frozen weather-Humidity9am   : skill=  +10.7% corr=-0.05 gru=  +21.8%
[seed 1] frozen weather-Pressure3pm   : skill=   +8.4% corr=+0.05 gru=  +17.3%
[seed 0] SOLAR-CYCLE DISCOVERY: 127 months (10.6 yr) vs known 132
finished: /data/out-seed0
[seed 0] DONE
[seed 1] frozen weather-Pressure9am   : skill=  +14.3% corr=-0.01 gru=  +33.8%
[seed 1] frozen weather-Rainfall      : skill=  -16.9% corr=-0.04 gru=   +7.9%
[seed 1] frozen Litecoin              : skill=  +52.7% corr=+0.55 gru=  -16.1%
[seed 1] frozen Bitcoin               : skill= -464.0% corr=+0.67 gru=  -64.4%
[seed 1] frozen XRP                   : skill=  -12.0% corr=-0.20 gru= -590.2%
[seed 1] frozen Dogecoin              : skill=-3223.7% corr=-0.23 gru=-1962.5%
[seed 1] frozen Monero                : skill= -214.7% corr=-0.25 gru= -147.5%
[seed 1] frozen Stellar               : skill= -203.0% corr=-0.83 gru=  -43.5%
[seed 1] frozen Tether                : skill= -705.4% corr=+0.55 gru=-1506.2%
[seed 1] frozen NEM                   : skill=-3572.0% corr=-0.91 gru=-1321.7%
[seed 1] frozen sunspots              : skill= -120.3% corr=-0.80 gru= -281.1%
[seed 1] frozen airline               : skill= -167.7% corr=-0.13 gru=  -67.6%
[seed 1] frozen covid-india           : skill=-8276.3% corr=+0.35 gru=-24021.4%
[seed 1] frozen covid-brazil          : skill=  -34.2% corr=-0.20 gru=  +17.5%
[seed 1] frozen covid-germany         : skill=-2191.2% corr=+0.25 gru=-1116.3%
[seed 1] frozen covid-france          : skill=  -24.9% corr=-0.08 gru=   -0.0%
[seed 1] frozen covid-us              : skill=-1195.9% corr=+0.43 gru= -850.5%
[seed 1] frozen lorenz-x              : skill=  -88.6% corr=+0.33 gru=  +11.6%
[seed 1] frozen rossler-x             : skill= -209.3% corr=+0.30 gru=  -56.7%
[seed 1] scratch sunspots              : skill=  +22.8%  corr=-0.03
[seed 1] scratch covid-us              : skill=  -51.6%  corr=+0.50
[seed 1] SOLAR-CYCLE DISCOVERY: 128 months (10.7 yr) vs known 132
finished: /data/out-seed1
finished: /data/out-seed2
Stopping app - local entrypoint completed.
[seed 1] DONE
✓ App completed. View run at 
https://modal.com/apps/sehajr-singhs/main/ap-PtzaUXGC3ft8tV54Qy1Hb8
1] frozen covid-us              : skill=-1195.9% corr=+0.43 gru= -850.5%
[seed 1] frozen lorenz-x              : skill=  -88.6% corr=+0.33 gru=  +11.6%
[seed 1] frozen rossler-x             : skill= -209.3% corr=+0.30 gru=  -56.7%
[seed 2] SOLAR-CYCLE DISCOVERY: 128 months (10.7 yr) vs known 132
[seed 2] DONE
[seed 1] scratch sunspots              : skill=  +22.8%  corr=-0.03
[seed 1] scratch covid-us              : skill=  -51.6%  corr=+0.50
[seed 1] SOLAR-CYCLE DISCOVERY: 128 months (10.7 yr) vs known 132
finished: /data/out-seed1
finished: /data/out-seed2
Stopping app - local entrypoint completed.
[seed 1] DONE
✓ App completed. View run at 
https://modal.com/apps/sehajr-singhs/main/ap-NGcPGsZ2UBXAE7n4CywzkT
