[{"stream_name":"stdout","time":10.259207625,"data":"======================================================================\n"}
,{"stream_name":"stdout","time":10.25930387,"data":"TSO foundation pretraining V12 — joint probe, 25k iters\n"}
,{"stream_name":"stdout","time":10.25930989,"data":"======================================================================\n"}
,{"stream_name":"stdout","time":10.259312834,"data":"  no CUDA available; running on CPU\n"}
,{"stream_name":"stdout","time":10.259315462,"data":"2.10.0+cpu cuda: False \n"}
,{"stream_name":"stdout","time":10.259318026,"data":"\n"}
,{"stream_name":"stdout","time":10.25932042,"data":"[1/5] corpus from attached datasets\n"}
,{"stream_name":"stdout","time":10.259322999,"data":"  /kaggle/input: ['datasets']\n"}
,{"stream_name":"stdout","time":10.846409276,"data":"  corpus + ecg-215            [physiology  ] len= 3361 held_out=False\n"}
,{"stream_name":"stdout","time":10.847864608,"data":"  corpus + ecg-233            [physiology  ] len= 3067 held_out=False\n"}
,{"stream_name":"stdout","time":10.849132199,"data":"  corpus + ecg-209            [physiology  ] len= 3004 held_out=False\n"}
,{"stream_name":"stdout","time":12.130484778,"data":"  corpus + AEP                [energy-grid ] len= 4096 held_out=False\n"}
,{"stream_name":"stdout","time":12.131676299,"data":"  corpus + COMED              [energy-grid ] len= 4096 held_out=False\n"}
,{"stream_name":"stdout","time":12.132969949,"data":"  corpus + DAYTON             [energy-grid ] len= 4096 held_out=False\n"}
,{"stream_name":"stdout","time":12.13418714,"data":"  corpus + DEOK               [energy-grid ] len= 4096 held_out=False\n"}
,{"stream_name":"stdout","time":12.135339751,"data":"  corpus + DOM                [energy-grid ] len= 4096 held_out=False\n"}
,{"stream_name":"stdout","time":12.136475854,"data":"  corpus + DUQ                [energy-grid ] len= 4096 held_out=False\n"}
,{"stream_name":"stdout","time":12.137649195,"data":"  corpus + EKPC               [energy-grid ] len= 4096 held_out=False\n"}
,{"stream_name":"stdout","time":12.139205595,"data":"  corpus + FE                 [energy-grid ] len= 4096 held_out=False\n"}
,{"stream_name":"stdout","time":12.140512376,"data":"  corpus + NI                 [energy-grid ] len= 4096 held_out=False\n"}
,{"stream_name":"stdout","time":12.141814966,"data":"  corpus + PJME               [energy-grid ] len= 4096 held_out=False\n"}
,{"stream_name":"stdout","time":12.142993889,"data":"  corpus + PJMW               [energy-grid ] len= 4096 held_out=False\n"}
,{"stream_name":"stdout","time":12.740630964,"data":"  corpus + weather-Temp3pm    [meteorology ] len= 4096 held_out=False\n"}
,{"stream_name":"stdout","time":12.741866529,"data":"  corpus + weather-MinTemp    [meteorology ] len= 4096 held_out=False\n"}
,{"stream_name":"stdout","time":12.743409601,"data":"  corpus + weather-MaxTemp    [meteorology ] len= 4096 held_out=False\n"}
,{"stream_name":"stdout","time":12.744679955,"data":"  corpus + weather-Temp9am    [meteorology ] len= 4096 held_out=False\n"}
,{"stream_name":"stdout","time":12.745933267,"data":"  corpus + weather-Humidity3pm [meteorology ] len= 4096 held_out=False\n"}
,{"stream_name":"stdout","time":12.747016645,"data":"  corpus + weather-Humidity9am [meteorology ] len= 4096 held_out=False\n"}
,{"stream_name":"stdout","time":12.748304293,"data":"  corpus + weather-Pressure3pm [meteorology ] len= 4096 held_out=False\n"}
,{"stream_name":"stdout","time":12.749508011,"data":"  corpus + weather-Pressure9am [meteorology ] len= 4096 held_out=False\n"}
,{"stream_name":"stdout","time":12.750891994,"data":"  corpus + weather-Rainfall   [meteorology ] len= 4096 held_out=False\n"}
,{"stream_name":"stdout","time":13.059547513,"data":"  corpus + Litecoin           [finance     ] len= 2991 held_out=False\n"}
,{"stream_name":"stdout","time":13.060711158,"data":"  corpus + Bitcoin            [finance     ] len= 2991 held_out=False\n"}
,{"stream_name":"stdout","time":13.061897909,"data":"  corpus + XRP                [finance     ] len= 2893 held_out=False\n"}
,{"stream_name":"stdout","time":13.062948431,"data":"  corpus + Dogecoin           [finance     ] len= 2760 held_out=False\n"}
,{"stream_name":"stdout","time":13.064003426,"data":"  corpus + Monero             [finance     ] len= 2602 held_out=False\n"}
,{"stream_name":"stdout","time":13.065331743,"data":"  corpus + Stellar            [finance     ] len= 2527 held_out=False\n"}
,{"stream_name":"stdout","time":13.066751608,"data":"  corpus + Tether             [finance     ] len= 2318 held_out=False\n"}
,{"stream_name":"stdout","time":13.068181704,"data":"  corpus + NEM                [finance     ] len= 2288 held_out=False\n"}
,{"stream_name":"stdout","time":13.079546111,"data":"  corpus + sunspots           [solar-physics] len= 3265 held_out=True\n"}
,{"stream_name":"stdout","time":13.092673086,"data":"  corpus + airline            [economics   ] len=  144 held_out=False\n"}
,{"stream_name":"stdout","time":13.200480389,"data":"  corpus + covid-india        [epidemiology] len=  187 held_out=False\n"}
,{"stream_name":"stdout","time":13.200747135,"data":"  corpus + covid-brazil       [epidemiology] len=  187 held_out=False\n"}
,{"stream_name":"stdout","time":13.201116676,"data":"  corpus + covid-germany      [epidemiology] len=  187 held_out=False\n"}
,{"stream_name":"stdout","time":13.202199068,"data":"  corpus + covid-france       [epidemiology] len= 2067 held_out=False\n"}
,{"stream_name":"stdout","time":13.202563748,"data":"  corpus + covid-us           [epidemiology] len=  187 held_out=True\n"}
,{"stream_name":"stdout","time":14.266615177,"data":"  corpus + lorenz-x           [physics     ] len= 4096 held_out=False\n"}
,{"stream_name":"stdout","time":14.268505564,"data":"  corpus + rossler-x          [physics     ] len= 4096 held_out=False\n"}
,{"stream_name":"stdout","time":14.26854167,"data":"  40 series, held out: ['sunspots', 'covid-us']\n"}
,{"stream_name":"stdout","time":14.268548212,"data":"\n"}
,{"stream_name":"stdout","time":14.268552143,"data":"[2/5] AMP training-loop benchmark\n"}
,{"stream_name":"stdout","time":21.595269948,"data":"  [bench] device=cpu amp=False 1.79 ms/iter over 300 iters\n"}
,{"stream_name":"stdout","time":21.595592185,"data":"\n"}
,{"stream_name":"stdout","time":21.595603607,"data":"[3/5] pretraining (latent 256 / hidden 768, 25000 iters, device=cpu, joint probe)\n"}
,{"stream_name":"stdout","time":22.232731334,"data":"  pretrain iter     0: loss=1.92427 (recon 0.4331 dyn 0.5023 scale 0.0188 arrow 0.6936 arrow-acc 0.50)\n"}
,{"stream_name":"stdout","time":3054.042752206,"data":"  pretrain iter  5000: loss=0.46544 (recon 0.0453 dyn 0.2195 scale 0.0145 arrow 0.0086 arrow-acc 1.00)\n"}
,{"stream_name":"stdout","time":6216.432368033,"data":"  pretrain iter 10000: loss=1.28312 (recon 0.0589 dyn 0.2949 scale 0.0141 arrow 0.7338 arrow-acc 0.56)\n"}
,{"stream_name":"stdout","time":9371.539761168,"data":"  pretrain iter 15000: loss=1.04357 (recon 0.0239 dyn 0.4904 scale 0.0277 arrow 0.0018 arrow-acc 1.00)\n"}
,{"stream_name":"stdout","time":12647.323500868,"data":"  pretrain iter 20000: loss=1.00997 (recon 0.0191 dyn 0.4853 scale 0.0152 arrow 0.0012 arrow-acc 1.00)\n"}
,{"stream_name":"stdout","time":15793.93840374,"data":"  pretrain iter 24999: loss=1.02773 (recon 0.0135 dyn 0.7114 scale 0.0418 arrow 0.0024 arrow-acc 1.00)\n"}
,{"stream_name":"stdout","time":15795.593679446,"data":"\n"}
,{"stream_name":"stdout","time":15795.593739259,"data":"[4/5] zero-shot transfer + in-kernel baselines\n"}
,{"stream_name":"stdout","time":15800.188395947,"data":"  frozen ecg-215               : skill=   -1.3%  corr=-0.04  gru=   -3.4%\n"}
,{"stream_name":"stdout","time":15803.91504617,"data":"  frozen ecg-233               : skill=   -6.1%  corr=-0.01  gru=   +0.8%\n"}
,{"stream_name":"stdout","time":15807.54814958,"data":"  frozen ecg-209               : skill=   +0.9%  corr=+0.01  gru= -203.5%\n"}
,{"stream_name":"stdout","time":15811.897113591,"data":"  frozen AEP                   : skill=   -6.0%  corr=+0.39  gru= -133.7%\n"}
,{"stream_name":"stdout","time":15815.516391969,"data":"  frozen COMED                 : skill=  +15.5%  corr=+0.19  gru=  -69.8%\n"}
,{"stream_name":"stdout","time":15819.904855493,"data":"  frozen DAYTON                : skill=   +2.1%  corr=+0.37  gru= -130.5%\n"}
,{"stream_name":"stdout","time":15823.449204419,"data":"  frozen DEOK                  : skill=  +38.3%  corr=+0.16  gru=   +6.1%\n"}
,{"stream_name":"stdout","time":15826.90542509,"data":"  frozen DOM                   : skill=  +41.4%  corr=+0.27  gru=  -52.2%\n"}
,{"stream_name":"stdout","time":15831.425628189,"data":"  frozen DUQ                   : skill=  +53.1%  corr=+0.21  gru=  -15.0%\n"}
,{"stream_name":"stdout","time":15835.622674507,"data":"  frozen EKPC                  : skill=  +69.7%  corr=+0.52  gru=  +19.6%\n"}
,{"stream_name":"stdout","time":15840.395712705,"data":"  frozen FE                    : skill=  -17.6%  corr=+0.02  gru= -157.6%\n"}
,{"stream_name":"stdout","time":15843.983563407,"data":"  frozen NI                    : skill=  -17.8%  corr=-0.11  gru= -176.1%\n"}
,{"stream_name":"stdout","time":15848.645374581,"data":"  frozen PJME                  : skill=  +17.3%  corr=+0.02  gru=  +25.7%\n"}
,{"stream_name":"stdout","time":15853.387129565,"data":"  frozen PJMW                  : skill=  -22.9%  corr=-0.02  gru= -102.3%\n"}
,{"stream_name":"stdout","time":15858.226841694,"data":"  frozen weather-Temp3pm       : skill=   -0.9%  corr=+0.25  gru=  -43.2%\n"}
,{"stream_name":"stdout","time":15862.766214486,"data":"  frozen weather-MinTemp       : skill=  -11.4%  corr=+0.02  gru= -209.5%\n"}
,{"stream_name":"stdout","time":15867.453479277,"data":"  frozen weather-MaxTemp       : skill=   -1.5%  corr=+0.11  gru=  -78.1%\n"}
,{"stream_name":"stdout","time":15872.149478958,"data":"  frozen weather-Temp9am       : skill=  +29.8%  corr=+0.11  gru=  -48.7%\n"}
,{"stream_name":"stdout","time":15877.797500791,"data":"  frozen weather-Humidity3pm   : skill=  +17.3%  corr=+0.14  gru=  -41.3%\n"}
,{"stream_name":"stdout","time":15882.724425028,"data":"  frozen weather-Humidity9am   : skill=  +23.8%  corr=+0.18  gru=  +21.8%\n"}
,{"stream_name":"stdout","time":15887.360030491,"data":"  frozen weather-Pressure3pm   : skill=  +18.4%  corr=+0.13  gru=  +17.3%\n"}
,{"stream_name":"stdout","time":15891.676222175,"data":"  frozen weather-Pressure9am   : skill=  +33.9%  corr=+0.12  gru=  +33.8%\n"}
,{"stream_name":"stdout","time":15897.348633249,"data":"  frozen weather-Rainfall      : skill=   +4.6%  corr=+0.02  gru=   +7.9%\n"}
,{"stream_name":"stdout","time":15898.792467612,"data":"  frozen Litecoin              : skill=  -31.9%  corr=-0.45  gru=  -16.1%\n"}
,{"stream_name":"stdout","time":15900.138489272,"data":"  frozen Bitcoin               : skill= -480.6%  corr=-0.41  gru=  -64.4%\n"}
,{"stream_name":"stdout","time":15901.476523879,"data":"  frozen XRP                   : skill=  -79.1%  corr=-0.70  gru= -590.2%\n"}
,{"stream_name":"stdout","time":15902.672919513,"data":"  frozen Dogecoin              : skill=-1089.7%  corr=+0.23  gru=-1962.5%\n"}
,{"stream_name":"stdout","time":15904.143792339,"data":"  frozen Monero                : skill=  +17.2%  corr=+0.60  gru= -147.5%\n"}
,{"stream_name":"stdout","time":15905.388784758,"data":"  frozen Stellar               : skill= -243.3%  corr=+0.57  gru=  -43.5%\n"}
,{"stream_name":"stdout","time":15906.504074568,"data":"  frozen Tether                : skill=  -20.0%  corr=+0.53  gru=-1506.2%\n"}
,{"stream_name":"stdout","time":15907.525899391,"data":"  frozen NEM                   : skill= -199.0%  corr=-0.88  gru=-1321.7%\n"}
,{"stream_name":"stdout","time":15911.23771819,"data":"  frozen sunspots              : skill=   +5.4%  corr=-0.39  gru= -281.1%\n"}
,{"stream_name":"stdout","time":15911.856816148,"data":"  frozen airline               : skill=  -60.1%  corr=-0.39  gru=  -67.6%\n"}
,{"stream_name":"stdout","time":15912.511845503,"data":"  frozen covid-india           : skill=-66959.9%  corr=+0.42  gru=-24021.4%\n"}
,{"stream_name":"stdout","time":15913.288431821,"data":"  frozen covid-brazil          : skill=  +13.7%  corr=+0.42  gru=  +17.5%\n"}
,{"stream_name":"stdout","time":15914.043140207,"data":"  frozen covid-germany         : skill= -204.3%  corr=+0.14  gru=-1116.3%\n"}
,{"stream_name":"stdout","time":15915.252619031,"data":"  frozen covid-france          : skill=   -0.3%  corr=+0.01  gru=   -0.0%\n"}
,{"stream_name":"stdout","time":15915.922520434,"data":"  frozen covid-us              : skill=-2234.7%  corr=+0.22  gru= -850.5%\n"}
,{"stream_name":"stdout","time":15918.380158026,"data":"  frozen lorenz-x              : skill= -241.3%  corr=-0.57  gru=  +11.6%\n"}
,{"stream_name":"stdout","time":15920.073740267,"data":"  frozen rossler-x             : skill= -117.7%  corr=-0.44  gru=  -56.7%\n"}
,{"stream_name":"stdout","time":15924.439752826,"data":"  scratch sunspots              : skill=  +22.8%  corr=-0.03\n"}
,{"stream_name":"stdout","time":15926.900917971,"data":"  scratch covid-us              : skill=  -51.6%  corr=+0.50\n"}
,{"stream_name":"stdout","time":15935.757451779,"data":"  SOLAR-CYCLE DISCOVERY: the frozen operator on the held-out sunspot series reads a dominant period of 130 months (10.8 years) at the coarsest scale — against the known Schwabe cycle of 132 months (~11 years).\n"}
,{"stream_name":"stdout","time":15935.75937248,"data":"\n"}
,{"stream_name":"stdout","time":15935.75940673,"data":"  -\u003e outputs in /kaggle/working:\n"}
,{"stream_name":"stdout","time":15935.759414471,"data":"     foundation_model.pt\n"}
,{"stream_name":"stdout","time":15935.7594198,"data":"     latent_geometry.png\n"}
,{"stream_name":"stdout","time":15935.759424615,"data":"     metrics.json\n"}
,{"stream_name":"stdout","time":15935.759429919,"data":"     pretrain_curves.png\n"}
,{"stream_name":"stdout","time":15935.759435268,"data":"     solar_cycle.png\n"}
,{"stream_name":"stdout","time":15935.759440062,"data":"     train_loop_bench.json\n"}
,{"stream_name":"stdout","time":15935.759444874,"data":"     zero_shot_covid-us.png\n"}
,{"stream_name":"stdout","time":15935.759449762,"data":"     zero_shot_sunspots.png\n"}
,{"stream_name":"stdout","time":15935.759454676,"data":"DONE\n"}
,{"stream_name":"stderr","time":15940.301047985,"data":"/usr/local/lib/python3.12/dist-packages/mistune.py:435: SyntaxWarning: invalid escape sequence '\\|'\n"}
,{"stream_name":"stderr","time":15940.301125763,"data":"  cells[i][c] = re.sub('\\\\\\\\\\|', '|', cell)\n"}
,{"stream_name":"stderr","time":15940.740629568,"data":"/usr/local/lib/python3.12/dist-packages/nbconvert/filters/filter_links.py:36: SyntaxWarning: invalid escape sequence '\\_'\n"}
,{"stream_name":"stderr","time":15940.740667326,"data":"  text = re.sub(r'_', '\\_', text) # Escape underscores in display text\n"}
,{"stream_name":"stderr","time":15941.748955484,"data":"[NbConvertApp] Converting notebook __script__.ipynb to html\n"}
,{"stream_name":"stderr","time":15944.5500354,"data":"[NbConvertApp] Writing 837153 bytes to __results__.html\n"}
]