[{"stream_name":"stdout","time":6.323370099,"data":"======================================================================\n"}
,{"stream_name":"stdout","time":6.323429019,"data":"TSO foundation pretraining V14 — balanced corpus, forced Koopman linearity\n"}
,{"stream_name":"stdout","time":6.323435199,"data":"======================================================================\n"}
,{"stream_name":"stdout","time":6.323438569,"data":"  no CUDA available; running on CPU\n"}
,{"stream_name":"stdout","time":6.323441669,"data":"2.10.0+cpu cuda: False \n"}
,{"stream_name":"stdout","time":6.323444839,"data":"\n"}
,{"stream_name":"stdout","time":6.323448099,"data":"[1/5] corpus from attached datasets\n"}
,{"stream_name":"stdout","time":6.323451219,"data":"  /kaggle/input: ['datasets']\n"}
,{"stream_name":"stdout","time":6.602686035,"data":"  corpus + ecg-215            [physiology  ] len= 3361 held_out=False\n"}
,{"stream_name":"stdout","time":6.6035338249999995,"data":"  corpus + ecg-233            [physiology  ] len= 3067 held_out=False\n"}
,{"stream_name":"stdout","time":6.6044325950000005,"data":"  corpus + ecg-209            [physiology  ] len= 3004 held_out=False\n"}
,{"stream_name":"stdout","time":7.224257877,"data":"  corpus + AEP                [energy-grid ] len= 4096 held_out=False\n"}
,{"stream_name":"stdout","time":7.225140146,"data":"  corpus + COMED              [energy-grid ] len= 4096 held_out=False\n"}
,{"stream_name":"stdout","time":7.225999346,"data":"  corpus + DAYTON             [energy-grid ] len= 4096 held_out=False\n"}
,{"stream_name":"stdout","time":7.226859706,"data":"  corpus + DEOK               [energy-grid ] len= 4096 held_out=False\n"}
,{"stream_name":"stdout","time":7.227828557,"data":"  corpus + DOM                [energy-grid ] len= 4096 held_out=False\n"}
,{"stream_name":"stdout","time":7.228635726,"data":"  corpus + DUQ                [energy-grid ] len= 4096 held_out=False\n"}
,{"stream_name":"stdout","time":7.229566977,"data":"  corpus + EKPC               [energy-grid ] len= 4096 held_out=False\n"}
,{"stream_name":"stdout","time":7.230445167,"data":"  corpus + FE                 [energy-grid ] len= 4096 held_out=False\n"}
,{"stream_name":"stdout","time":7.231297066,"data":"  corpus + NI                 [energy-grid ] len= 4096 held_out=False\n"}
,{"stream_name":"stdout","time":7.232163646,"data":"  corpus + PJME               [energy-grid ] len= 4096 held_out=False\n"}
,{"stream_name":"stdout","time":7.233032736,"data":"  corpus + PJMW               [energy-grid ] len= 4096 held_out=False\n"}
,{"stream_name":"stdout","time":7.509865413,"data":"  corpus + weather-Temp3pm    [meteorology ] len= 4096 held_out=False\n"}
,{"stream_name":"stdout","time":7.510914023,"data":"  corpus + weather-MinTemp    [meteorology ] len= 4096 held_out=False\n"}
,{"stream_name":"stdout","time":7.511622993,"data":"  corpus + weather-MaxTemp    [meteorology ] len= 4096 held_out=False\n"}
,{"stream_name":"stdout","time":7.512554203,"data":"  corpus + weather-Temp9am    [meteorology ] len= 4096 held_out=False\n"}
,{"stream_name":"stdout","time":7.513454713,"data":"  corpus + weather-Humidity3pm [meteorology ] len= 4096 held_out=False\n"}
,{"stream_name":"stdout","time":7.514358873,"data":"  corpus + weather-Humidity9am [meteorology ] len= 4096 held_out=False\n"}
,{"stream_name":"stdout","time":7.515266763,"data":"  corpus + weather-Pressure3pm [meteorology ] len= 4096 held_out=False\n"}
,{"stream_name":"stdout","time":7.516245233,"data":"  corpus + weather-Pressure9am [meteorology ] len= 4096 held_out=False\n"}
,{"stream_name":"stdout","time":7.517027573,"data":"  corpus + weather-Rainfall   [meteorology ] len= 4096 held_out=False\n"}
,{"stream_name":"stdout","time":7.71332347,"data":"  corpus + Litecoin           [finance     ] len= 2991 held_out=False\n"}
,{"stream_name":"stdout","time":7.71406418,"data":"  corpus + Bitcoin            [finance     ] len= 2991 held_out=False\n"}
,{"stream_name":"stdout","time":7.71485008,"data":"  corpus + XRP                [finance     ] len= 2893 held_out=False\n"}
,{"stream_name":"stdout","time":7.7156397,"data":"  corpus + Dogecoin           [finance     ] len= 2760 held_out=False\n"}
,{"stream_name":"stdout","time":7.71642595,"data":"  corpus + Monero             [finance     ] len= 2602 held_out=False\n"}
,{"stream_name":"stdout","time":7.71721355,"data":"  corpus + Stellar            [finance     ] len= 2527 held_out=False\n"}
,{"stream_name":"stdout","time":7.71796352,"data":"  corpus + Tether             [finance     ] len= 2318 held_out=False\n"}
,{"stream_name":"stdout","time":7.71867821,"data":"  corpus + NEM                [finance     ] len= 2288 held_out=False\n"}
,{"stream_name":"stdout","time":7.733477,"data":"  corpus + sunspots           [solar-physics] len= 3265 held_out=True\n"}
,{"stream_name":"stdout","time":7.73785236,"data":"  corpus + airline            [economics   ] len=  144 held_out=False\n"}
,{"stream_name":"stdout","time":7.811625609,"data":"  corpus + covid-india        [epidemiology] len=  187 held_out=False\n"}
,{"stream_name":"stdout","time":7.811884329,"data":"  corpus + covid-brazil       [epidemiology] len=  187 held_out=False\n"}
,{"stream_name":"stdout","time":7.8121979790000005,"data":"  corpus + covid-germany      [epidemiology] len=  187 held_out=False\n"}
,{"stream_name":"stdout","time":7.812939839,"data":"  corpus + covid-france       [epidemiology] len= 2067 held_out=False\n"}
,{"stream_name":"stdout","time":7.813242319,"data":"  corpus + covid-us           [epidemiology] len=  187 held_out=True\n"}
,{"stream_name":"stdout","time":8.561766009,"data":"  corpus + lorenz-x           [physics     ] len= 4096 held_out=False\n"}
,{"stream_name":"stdout","time":8.562548839,"data":"  corpus + rossler-x          [physics     ] len= 4096 held_out=False\n"}
,{"stream_name":"stdout","time":8.562566409,"data":"  40 real series, held out: ['sunspots', 'covid-us']\n"}
,{"stream_name":"stdout","time":85.345448115,"data":"  + 5973 synthetic dynamics series (V15 corpus-scale battery, target 5988, seed 11)\n"}
,{"stream_name":"stdout","time":85.345492925,"data":"\n"}
,{"stream_name":"stdout","time":85.345497915,"data":"[2/5] AMP training-loop benchmark\n"}
,{"stream_name":"stdout","time":89.772757704,"data":"  [bench] device=cpu amp=False 1.06 ms/iter over 300 iters\n"}
,{"stream_name":"stdout","time":94.253993113,"data":"\n"}
,{"stream_name":"stdout","time":94.254034403,"data":"[3/5] pretraining (latent 256 / hidden 768, 25000 iters, dyn_w=2.5, seed=0, device=cpu, corpus=6277 entries = 38 real x8 + 5973 synthetic)\n"}
,{"stream_name":"stdout","time":94.657186294,"data":"  pretrain iter     0: loss=3.71426 (recon 0.8407 dyn 0.8673 scale 0.0242 arrow 0.6933 arrow-acc 0.50)\n"}
,{"stream_name":"stdout","time":1066.717101015,"data":"  pretrain iter  5000: loss=469.64423 (recon 195.8122 dyn 107.2704 scale 9.9195 arrow 0.6963 arrow-acc 0.50)\n"}
,{"stream_name":"stdout","time":2040.992249643,"data":"  pretrain iter 10000: loss=617.66083 (recon 186.3392 dyn 171.3632 scale 4.3455 arrow 0.7408 arrow-acc 0.31)\n"}
,{"stream_name":"stdout","time":3014.296240095,"data":"  pretrain iter 15000: loss=2548.40454 (recon 450.0916 dyn 837.5259 scale 7.5537 arrow 0.7215 arrow-acc 0.50)\n"}
,{"stream_name":"stdout","time":3990.056342158,"data":"  pretrain iter 20000: loss=812.27026 (recon 164.9260 dyn 258.5704 scale 0.4501 arrow 0.6933 arrow-acc 0.50)\n"}
,{"stream_name":"stdout","time":4967.911304755,"data":"  pretrain iter 24999: loss=621.53815 (recon 87.7811 dyn 212.8954 scale 1.6457 arrow 0.6957 arrow-acc 0.50)\n"}
,{"stream_name":"stdout","time":4968.515903404,"data":"\n"}
,{"stream_name":"stdout","time":4968.515940273,"data":"[4/5] zero-shot transfer + in-kernel baselines\n"}
,{"stream_name":"stdout","time":4971.679610893,"data":"  frozen ecg-215               : skill= -241.6%  corr=-0.07  gru=   -3.4%\n"}
,{"stream_name":"stdout","time":4974.319179124,"data":"  frozen ecg-233               : skill= -414.3%  corr=-0.16  gru=   +0.8%\n"}
,{"stream_name":"stdout","time":4976.893716825,"data":"  frozen ecg-209               : skill=-1782.5%  corr=+0.07  gru= -203.5%\n"}
,{"stream_name":"stdout","time":4980.084948075,"data":"  frozen AEP                   : skill= -448.4%  corr=-0.17  gru= -133.7%\n"}
,{"stream_name":"stdout","time":4982.530494499,"data":"  frozen COMED                 : skill= -251.7%  corr=-0.25  gru=  -69.8%\n"}
,{"stream_name":"stdout","time":4985.708645339,"data":"  frozen DAYTON                : skill= -384.1%  corr=-0.21  gru= -130.5%\n"}
,{"stream_name":"stdout","time":4988.183823622,"data":"  frozen DEOK                  : skill= -369.0%  corr=-0.21  gru=   +6.1%\n"}
,{"stream_name":"stdout","time":4990.629095876,"data":"  frozen DOM                   : skill= -547.8%  corr=-0.08  gru=  -52.2%\n"}
,{"stream_name":"stdout","time":4993.781752947,"data":"  frozen DUQ                   : skill= -167.2%  corr=-0.04  gru=  -15.0%\n"}
,{"stream_name":"stdout","time":4996.26240484,"data":"  frozen EKPC                  : skill=  -55.9%  corr=+0.42  gru=  +19.6%\n"}
,{"stream_name":"stdout","time":4999.445333019,"data":"  frozen FE                    : skill= -236.2%  corr=+0.12  gru= -157.6%\n"}
,{"stream_name":"stdout","time":5001.952731122,"data":"  frozen NI                    : skill=-1263.1%  corr=-0.21  gru= -176.1%\n"}
,{"stream_name":"stdout","time":5005.149007642,"data":"  frozen PJME                  : skill=  -92.0%  corr=-0.01  gru=  +25.7%\n"}
,{"stream_name":"stdout","time":5008.349777102,"data":"  frozen PJMW                  : skill= -776.2%  corr=-0.23  gru= -102.3%\n"}
,{"stream_name":"stdout","time":5011.59218862,"data":"  frozen weather-Temp3pm       : skill= -365.0%  corr=-0.15  gru=  -43.2%\n"}
,{"stream_name":"stdout","time":5014.7835897,"data":"  frozen weather-MinTemp       : skill= -410.5%  corr=+0.03  gru= -209.5%\n"}
,{"stream_name":"stdout","time":5017.94567966,"data":"  frozen weather-MaxTemp       : skill= -552.9%  corr=+0.10  gru=  -78.1%\n"}
,{"stream_name":"stdout","time":5021.13782378,"data":"  frozen weather-Temp9am       : skill= -159.2%  corr=-0.05  gru=  -48.7%\n"}
,{"stream_name":"stdout","time":5024.352777389,"data":"  frozen weather-Humidity3pm   : skill= -131.7%  corr=+0.11  gru=  -41.3%\n"}
,{"stream_name":"stdout","time":5027.536171529,"data":"  frozen weather-Humidity9am   : skill= -204.8%  corr=+0.35  gru=  +21.8%\n"}
,{"stream_name":"stdout","time":5030.770512108,"data":"  frozen weather-Pressure3pm   : skill= -166.7%  corr=+0.15  gru=  +17.3%\n"}
,{"stream_name":"stdout","time":5033.991922747,"data":"  frozen weather-Pressure9am   : skill= -106.7%  corr=+0.05  gru=  +33.8%\n"}
,{"stream_name":"stdout","time":5037.916788703,"data":"  frozen weather-Rainfall      : skill= -461.4%  corr=+0.02  gru=   +7.9%\n"}
,{"stream_name":"stdout","time":5038.716167968,"data":"  frozen Litecoin              : skill= -321.5%  corr=-0.26  gru=  -16.1%\n"}
,{"stream_name":"stdout","time":5039.524927413,"data":"  frozen Bitcoin               : skill=-1904.6%  corr=+0.47  gru=  -64.4%\n"}
,{"stream_name":"stdout","time":5040.349098997,"data":"  frozen XRP                   : skill=-2611.4%  corr=+0.87  gru= -590.2%\n"}
,{"stream_name":"stdout","time":5041.102474953,"data":"  frozen Dogecoin              : skill=-33333.8%  corr=+0.01  gru=-1962.5%\n"}
,{"stream_name":"stdout","time":5041.78005349,"data":"  frozen Monero                : skill=-1965.9%  corr=+0.18  gru= -147.5%\n"}
,{"stream_name":"stdout","time":5042.463762938,"data":"  frozen Stellar               : skill=-1839.0%  corr=+0.73  gru=  -43.5%\n"}
,{"stream_name":"stdout","time":5043.197609514,"data":"  frozen Tether                : skill=-3757.9%  corr=-0.32  gru=-1506.2%\n"}
,{"stream_name":"stdout","time":5043.850122771,"data":"  frozen NEM                   : skill=-3523.0%  corr=+0.83  gru=-1321.7%\n"}
,{"stream_name":"stdout","time":5046.080732489,"data":"  frozen sunspots              : skill= -453.2%  corr=+0.33  gru= -281.1%\n"}
,{"stream_name":"stdout","time":5046.456620302,"data":"  frozen airline               : skill=-2488.8%  corr=-0.14  gru=  -67.6%\n"}
,{"stream_name":"stdout","time":5046.802370075,"data":"  frozen covid-india           : skill=-500307.5%  corr=-0.33  gru=-24021.3%\n"}
,{"stream_name":"stdout","time":5047.167402619,"data":"  frozen covid-brazil          : skill=-1235.4%  corr=-0.19  gru=  +17.5%\n"}
,{"stream_name":"stdout","time":5047.542967371,"data":"  frozen covid-germany         : skill=-2206.4%  corr=-0.06  gru=-1116.3%\n"}
,{"stream_name":"stdout","time":5048.189021269,"data":"  frozen covid-france          : skill= -391.4%  corr=-0.00  gru=   -0.0%\n"}
,{"stream_name":"stdout","time":5048.551994512,"data":"  frozen covid-us              : skill=-8858.7%  corr=-0.23  gru= -850.5%\n"}
,{"stream_name":"stdout","time":5050.313905319,"data":"  frozen lorenz-x              : skill=-1257.4%  corr=+0.03  gru=  +11.6%\n"}
,{"stream_name":"stdout","time":5051.428816418,"data":"  frozen rossler-x             : skill= -997.3%  corr=+0.03  gru=  -56.7%\n"}
,{"stream_name":"stdout","time":5054.279097505,"data":"  scratch sunspots              : skill=  +22.8%  corr=-0.03\n"}
,{"stream_name":"stdout","time":5055.798422366,"data":"  scratch covid-us              : skill=  -51.6%  corr=+0.50\n"}
,{"stream_name":"stdout","time":5061.164278034,"data":"  SOLAR-CYCLE DISCOVERY: the frozen operator on the held-out sunspot series reads a dominant period of 129 months (10.7 years) at the coarsest scale — against the known Schwabe cycle of 132 months (~11 years).\n"}
,{"stream_name":"stdout","time":5061.165501455,"data":"\n"}
,{"stream_name":"stdout","time":5061.165513295,"data":"  -\u003e outputs in /kaggle/working:\n"}
,{"stream_name":"stdout","time":5061.165518464,"data":"     foundation_model.pt\n"}
,{"stream_name":"stdout","time":5061.165523384,"data":"     latent_geometry.png\n"}
,{"stream_name":"stdout","time":5061.165527984,"data":"     metrics.json\n"}
,{"stream_name":"stdout","time":5061.165533444,"data":"     pretrain_curves.png\n"}
,{"stream_name":"stdout","time":5061.165536604,"data":"     solar_cycle.png\n"}
,{"stream_name":"stdout","time":5061.165540035,"data":"     train_loop_bench.json\n"}
,{"stream_name":"stdout","time":5061.165545204,"data":"     zero_shot_covid-us.png\n"}
,{"stream_name":"stdout","time":5061.165550164,"data":"     zero_shot_sunspots.png\n"}
,{"stream_name":"stdout","time":5061.165555215,"data":"DONE\n"}
,{"stream_name":"stderr","time":5064.300860165,"data":"/usr/local/lib/python3.12/dist-packages/mistune.py:435: SyntaxWarning: invalid escape sequence '\\|'\n"}
,{"stream_name":"stderr","time":5064.300898755,"data":"  cells[i][c] = re.sub('\\\\\\\\\\|', '|', cell)\n"}
,{"stream_name":"stderr","time":5064.561157031,"data":"/usr/local/lib/python3.12/dist-packages/nbconvert/filters/filter_links.py:36: SyntaxWarning: invalid escape sequence '\\_'\n"}
,{"stream_name":"stderr","time":5064.56119455,"data":"  text = re.sub(r'_', '\\_', text) # Escape underscores in display text\n"}
,{"stream_name":"stderr","time":5065.242042317,"data":"[NbConvertApp] Converting notebook __script__.ipynb to html\n"}
,{"stream_name":"stderr","time":5066.861558407,"data":"[NbConvertApp] Writing 995602 bytes to __results__.html\n"}
]