[{"stream_name":"stdout","time":8.678273174,"data":"======================================================================\n"}
,{"stream_name":"stdout","time":8.678376322,"data":"TSO foundation pretraining V14 — balanced corpus, forced Koopman linearity\n"}
,{"stream_name":"stdout","time":8.678384848,"data":"======================================================================\n"}
,{"stream_name":"stdout","time":8.6783898,"data":"  no CUDA available; running on CPU\n"}
,{"stream_name":"stdout","time":8.678395144,"data":"2.10.0+cpu cuda: False \n"}
,{"stream_name":"stdout","time":8.678399645,"data":"\n"}
,{"stream_name":"stdout","time":8.6784035,"data":"[1/5] corpus from attached datasets\n"}
,{"stream_name":"stdout","time":8.678407571,"data":"  /kaggle/input: ['datasets']\n"}
,{"stream_name":"stdout","time":9.235660343,"data":"  corpus + ecg-215            [physiology  ] len= 3361 held_out=False\n"}
,{"stream_name":"stdout","time":9.237215756,"data":"  corpus + ecg-233            [physiology  ] len= 3067 held_out=False\n"}
,{"stream_name":"stdout","time":9.238513357,"data":"  corpus + ecg-209            [physiology  ] len= 3004 held_out=False\n"}
,{"stream_name":"stdout","time":10.285995936,"data":"  corpus + AEP                [energy-grid ] len= 4096 held_out=False\n"}
,{"stream_name":"stdout","time":10.28750547,"data":"  corpus + COMED              [energy-grid ] len= 4096 held_out=False\n"}
,{"stream_name":"stdout","time":10.289139175,"data":"  corpus + DAYTON             [energy-grid ] len= 4096 held_out=False\n"}
,{"stream_name":"stdout","time":10.2906807,"data":"  corpus + DEOK               [energy-grid ] len= 4096 held_out=False\n"}
,{"stream_name":"stdout","time":10.292173008,"data":"  corpus + DOM                [energy-grid ] len= 4096 held_out=False\n"}
,{"stream_name":"stdout","time":10.293733328,"data":"  corpus + DUQ                [energy-grid ] len= 4096 held_out=False\n"}
,{"stream_name":"stdout","time":10.29524788,"data":"  corpus + EKPC               [energy-grid ] len= 4096 held_out=False\n"}
,{"stream_name":"stdout","time":10.296664204,"data":"  corpus + FE                 [energy-grid ] len= 4096 held_out=False\n"}
,{"stream_name":"stdout","time":10.298082584,"data":"  corpus + NI                 [energy-grid ] len= 4096 held_out=False\n"}
,{"stream_name":"stdout","time":10.299564093,"data":"  corpus + PJME               [energy-grid ] len= 4096 held_out=False\n"}
,{"stream_name":"stdout","time":10.301136683,"data":"  corpus + PJMW               [energy-grid ] len= 4096 held_out=False\n"}
,{"stream_name":"stdout","time":10.892531369,"data":"  corpus + weather-Temp3pm    [meteorology ] len= 4096 held_out=False\n"}
,{"stream_name":"stdout","time":10.894041013,"data":"  corpus + weather-MinTemp    [meteorology ] len= 4096 held_out=False\n"}
,{"stream_name":"stdout","time":10.895795092,"data":"  corpus + weather-MaxTemp    [meteorology ] len= 4096 held_out=False\n"}
,{"stream_name":"stdout","time":10.897408651,"data":"  corpus + weather-Temp9am    [meteorology ] len= 4096 held_out=False\n"}
,{"stream_name":"stdout","time":10.899008366,"data":"  corpus + weather-Humidity3pm [meteorology ] len= 4096 held_out=False\n"}
,{"stream_name":"stdout","time":10.900365405,"data":"  corpus + weather-Humidity9am [meteorology ] len= 4096 held_out=False\n"}
,{"stream_name":"stdout","time":10.901883087,"data":"  corpus + weather-Pressure3pm [meteorology ] len= 4096 held_out=False\n"}
,{"stream_name":"stdout","time":10.903294748,"data":"  corpus + weather-Pressure9am [meteorology ] len= 4096 held_out=False\n"}
,{"stream_name":"stdout","time":10.905167559,"data":"  corpus + weather-Rainfall   [meteorology ] len= 4096 held_out=False\n"}
,{"stream_name":"stdout","time":11.501189084,"data":"  corpus + Litecoin           [finance     ] len= 2991 held_out=False\n"}
,{"stream_name":"stdout","time":11.502447622,"data":"  corpus + Bitcoin            [finance     ] len= 2991 held_out=False\n"}
,{"stream_name":"stdout","time":11.50367666,"data":"  corpus + XRP                [finance     ] len= 2893 held_out=False\n"}
,{"stream_name":"stdout","time":11.504929934,"data":"  corpus + Dogecoin           [finance     ] len= 2760 held_out=False\n"}
,{"stream_name":"stdout","time":11.5062147,"data":"  corpus + Monero             [finance     ] len= 2602 held_out=False\n"}
,{"stream_name":"stdout","time":11.507320276,"data":"  corpus + Stellar            [finance     ] len= 2527 held_out=False\n"}
,{"stream_name":"stdout","time":11.508640672,"data":"  corpus + Tether             [finance     ] len= 2318 held_out=False\n"}
,{"stream_name":"stdout","time":11.510046693,"data":"  corpus + NEM                [finance     ] len= 2288 held_out=False\n"}
,{"stream_name":"stdout","time":11.52691024,"data":"  corpus + sunspots           [solar-physics] len= 3265 held_out=True\n"}
,{"stream_name":"stdout","time":11.546778868,"data":"  corpus + airline            [economics   ] len=  144 held_out=False\n"}
,{"stream_name":"stdout","time":11.698925558,"data":"  corpus + covid-india        [epidemiology] len=  187 held_out=False\n"}
,{"stream_name":"stdout","time":11.699285074,"data":"  corpus + covid-brazil       [epidemiology] len=  187 held_out=False\n"}
,{"stream_name":"stdout","time":11.699785631,"data":"  corpus + covid-germany      [epidemiology] len=  187 held_out=False\n"}
,{"stream_name":"stdout","time":11.701017069,"data":"  corpus + covid-france       [epidemiology] len= 2067 held_out=False\n"}
,{"stream_name":"stdout","time":11.701495142,"data":"  corpus + covid-us           [epidemiology] len=  187 held_out=True\n"}
,{"stream_name":"stdout","time":12.769436038,"data":"  corpus + lorenz-x           [physics     ] len= 4096 held_out=False\n"}
,{"stream_name":"stdout","time":12.77081517,"data":"  corpus + rossler-x          [physics     ] len= 4096 held_out=False\n"}
,{"stream_name":"stdout","time":12.770849914,"data":"  40 real series, held out: ['sunspots', 'covid-us']\n"}
,{"stream_name":"stdout","time":21.743538409,"data":"  + 192 synthetic dynamics series (attractor sweeps, maps, stochastic regimes)\n"}
,{"stream_name":"stdout","time":21.743587284,"data":"\n"}
,{"stream_name":"stdout","time":21.743593093,"data":"[2/5] AMP training-loop benchmark\n"}
,{"stream_name":"stdout","time":28.604759819,"data":"  [bench] device=cpu amp=False 1.59 ms/iter over 300 iters\n"}
,{"stream_name":"stdout","time":28.836462846,"data":"\n"}
,{"stream_name":"stdout","time":28.836510129,"data":"[3/5] pretraining (latent 256 / hidden 768, 25000 iters, dyn_w=2.5, seed=1, device=cpu, corpus=496 entries = 38 real x8 + 192 synthetic)\n"}
,{"stream_name":"stdout","time":29.412349873,"data":"  pretrain iter     0: loss=4.97348 (recon 1.2066 dyn 1.2247 scale 0.0218 arrow 0.6941 arrow-acc 0.50)\n"}
,{"stream_name":"stdout","time":1518.79430138,"data":"  pretrain iter  5000: loss=4.60517 (recon 0.0400 dyn 1.8132 scale 0.0128 arrow 0.0258 arrow-acc 1.00)\n"}
,{"stream_name":"stdout","time":3065.103445164,"data":"  pretrain iter 10000: loss=1.29382 (recon 0.0748 dyn 0.4837 scale 0.0194 arrow 0.0000 arrow-acc 1.00)\n"}
,{"stream_name":"stdout","time":4525.318596628,"data":"  pretrain iter 15000: loss=0.64224 (recon 0.0257 dyn 0.2432 scale 0.0165 arrow 0.0003 arrow-acc 1.00)\n"}
,{"stream_name":"stdout","time":5969.348129436,"data":"  pretrain iter 20000: loss=0.43560 (recon 0.0158 dyn 0.1642 scale 0.0087 arrow 0.0050 arrow-acc 1.00)\n"}
,{"stream_name":"stdout","time":7419.915329222,"data":"  pretrain iter 24999: loss=1.02417 (recon 0.0619 dyn 0.1460 scale 0.0357 arrow 0.5793 arrow-acc 0.75)\n"}
,{"stream_name":"stdout","time":7421.42647242,"data":"\n"}
,{"stream_name":"stdout","time":7421.426507228,"data":"[4/5] zero-shot transfer + in-kernel baselines\n"}
,{"stream_name":"stdout","time":7425.823250678,"data":"  frozen ecg-215               : skill=   +0.9%  corr=+0.05  gru=   -3.4%\n"}
,{"stream_name":"stdout","time":7429.499932288,"data":"  frozen ecg-233               : skill=   -0.6%  corr=+0.16  gru=   +0.8%\n"}
,{"stream_name":"stdout","time":7433.162302493,"data":"  frozen ecg-209               : skill=   -5.5%  corr=+0.02  gru= -203.5%\n"}
,{"stream_name":"stdout","time":7437.463383539,"data":"  frozen AEP                   : skill=   +9.1%  corr=+0.36  gru= -133.7%\n"}
,{"stream_name":"stdout","time":7440.877609043,"data":"  frozen COMED                 : skill=  +18.3%  corr=+0.32  gru=  -69.8%\n"}
,{"stream_name":"stdout","time":7445.23873447,"data":"  frozen DAYTON                : skill=   +6.4%  corr=+0.34  gru= -130.5%\n"}
,{"stream_name":"stdout","time":7448.55569931,"data":"  frozen DEOK                  : skill=  +44.2%  corr=+0.16  gru=   +6.1%\n"}
,{"stream_name":"stdout","time":7451.95667246,"data":"  frozen DOM                   : skill=  +56.8%  corr=+0.58  gru=  -52.2%\n"}
,{"stream_name":"stdout","time":7456.144609939,"data":"  frozen DUQ                   : skill=  +57.8%  corr=+0.56  gru=  -15.0%\n"}
,{"stream_name":"stdout","time":7459.396503503,"data":"  frozen EKPC                  : skill=  +66.8%  corr=+0.50  gru=  +19.6%\n"}
,{"stream_name":"stdout","time":7463.633118919,"data":"  frozen FE                    : skill=  -23.3%  corr=-0.01  gru= -157.6%\n"}
,{"stream_name":"stdout","time":7466.93179788,"data":"  frozen NI                    : skill=   -9.4%  corr=-0.01  gru= -176.1%\n"}
,{"stream_name":"stdout","time":7471.142286192,"data":"  frozen PJME                  : skill=  +24.7%  corr=+0.04  gru=  +25.7%\n"}
,{"stream_name":"stdout","time":7475.39147589,"data":"  frozen PJMW                  : skill=   -1.7%  corr=+0.08  gru= -102.3%\n"}
,{"stream_name":"stdout","time":7479.604596467,"data":"  frozen weather-Temp3pm       : skill=   +6.7%  corr=+0.07  gru=  -43.2%\n"}
,{"stream_name":"stdout","time":7483.836327059,"data":"  frozen weather-MinTemp       : skill=   -6.7%  corr=+0.08  gru= -209.5%\n"}
,{"stream_name":"stdout","time":7488.05169203,"data":"  frozen weather-MaxTemp       : skill=   +7.0%  corr=+0.11  gru=  -78.1%\n"}
,{"stream_name":"stdout","time":7492.302201861,"data":"  frozen weather-Temp9am       : skill=  +33.8%  corr=+0.12  gru=  -48.7%\n"}
,{"stream_name":"stdout","time":7496.517740307,"data":"  frozen weather-Humidity3pm   : skill=  +14.8%  corr=+0.10  gru=  -41.3%\n"}
,{"stream_name":"stdout","time":7500.731774423,"data":"  frozen weather-Humidity9am   : skill=  +21.9%  corr=+0.23  gru=  +21.8%\n"}
,{"stream_name":"stdout","time":7505.041726055,"data":"  frozen weather-Pressure3pm   : skill=  +16.9%  corr=+0.11  gru=  +17.3%\n"}
,{"stream_name":"stdout","time":7509.318019421,"data":"  frozen weather-Pressure9am   : skill=  +33.9%  corr=+0.12  gru=  +33.8%\n"}
,{"stream_name":"stdout","time":7514.623576409,"data":"  frozen weather-Rainfall      : skill=   +6.8%  corr=-0.04  gru=   +7.9%\n"}
,{"stream_name":"stdout","time":7515.856583403,"data":"  frozen Litecoin              : skill=  +61.3%  corr=+0.61  gru=  -16.1%\n"}
,{"stream_name":"stdout","time":7517.080825445,"data":"  frozen Bitcoin               : skill= -221.2%  corr=-0.62  gru=  -64.4%\n"}
,{"stream_name":"stdout","time":7518.297115782,"data":"  frozen XRP                   : skill=  +18.1%  corr=+0.87  gru= -590.2%\n"}
,{"stream_name":"stdout","time":7519.412623856,"data":"  frozen Dogecoin              : skill=  -96.5%  corr=+0.09  gru=-1962.5%\n"}
,{"stream_name":"stdout","time":7520.485010822,"data":"  frozen Monero                : skill=   -6.3%  corr=+0.41  gru= -147.5%\n"}
,{"stream_name":"stdout","time":7521.616154667,"data":"  frozen Stellar               : skill=  -76.1%  corr=+0.73  gru=  -43.5%\n"}
,{"stream_name":"stdout","time":7522.701444382,"data":"  frozen Tether                : skill=  -36.3%  corr=+0.45  gru=-1506.2%\n"}
,{"stream_name":"stdout","time":7523.717210282,"data":"  frozen NEM                   : skill=  +20.9%  corr=-0.77  gru=-1321.7%\n"}
,{"stream_name":"stdout","time":7526.759492108,"data":"  frozen sunspots              : skill=  +15.4%  corr=-0.20  gru= -281.1%\n"}
,{"stream_name":"stdout","time":7527.298934219,"data":"  frozen airline               : skill=  -15.0%  corr=-0.53  gru=  -67.6%\n"}
,{"stream_name":"stdout","time":7527.832069252,"data":"  frozen covid-india           : skill=-51978.9%  corr=+0.45  gru=-24021.4%\n"}
,{"stream_name":"stdout","time":7528.402500572,"data":"  frozen covid-brazil          : skill=  -46.9%  corr=-0.48  gru=  +17.5%\n"}
,{"stream_name":"stdout","time":7528.98998407,"data":"  frozen covid-germany         : skill=  -75.1%  corr=+0.23  gru=-1116.3%\n"}
,{"stream_name":"stdout","time":7529.988401205,"data":"  frozen covid-france          : skill=   -0.1%  corr=-0.00  gru=   -0.0%\n"}
,{"stream_name":"stdout","time":7530.525734868,"data":"  frozen covid-us              : skill=-1716.1%  corr=+0.21  gru= -850.5%\n"}
,{"stream_name":"stdout","time":7532.94869523,"data":"  frozen lorenz-x              : skill=  -42.1%  corr=+0.48  gru=  +11.6%\n"}
,{"stream_name":"stdout","time":7534.563883922,"data":"  frozen rossler-x             : skill=  -30.4%  corr=-0.80  gru=  -56.7%\n"}
,{"stream_name":"stdout","time":7538.50255717,"data":"  scratch sunspots              : skill=  +22.8%  corr=-0.03\n"}
,{"stream_name":"stdout","time":7540.673185961,"data":"  scratch covid-us              : skill=  -51.6%  corr=+0.50\n"}
,{"stream_name":"stdout","time":7548.217198639,"data":"  SOLAR-CYCLE DISCOVERY: the frozen operator on the held-out sunspot series reads a dominant period of 129 months (10.8 years) at the coarsest scale — against the known Schwabe cycle of 132 months (~11 years).\n"}
,{"stream_name":"stdout","time":7548.219570229,"data":"\n"}
,{"stream_name":"stdout","time":7548.219602288,"data":"  -\u003e outputs in /kaggle/working:\n"}
,{"stream_name":"stdout","time":7548.219609255,"data":"     foundation_model.pt\n"}
,{"stream_name":"stdout","time":7548.219614805,"data":"     latent_geometry.png\n"}
,{"stream_name":"stdout","time":7548.219622794,"data":"     metrics.json\n"}
,{"stream_name":"stdout","time":7548.219630122,"data":"     pretrain_curves.png\n"}
,{"stream_name":"stdout","time":7548.21963516,"data":"     solar_cycle.png\n"}
,{"stream_name":"stdout","time":7548.219641223,"data":"     train_loop_bench.json\n"}
,{"stream_name":"stdout","time":7548.219647532,"data":"     zero_shot_covid-us.png\n"}
,{"stream_name":"stdout","time":7548.21965361,"data":"     zero_shot_sunspots.png\n"}
,{"stream_name":"stdout","time":7548.219659634,"data":"DONE\n"}
,{"stream_name":"stderr","time":7552.323528192,"data":"/usr/local/lib/python3.12/dist-packages/mistune.py:435: SyntaxWarning: invalid escape sequence '\\|'\n"}
,{"stream_name":"stderr","time":7552.323613642,"data":"  cells[i][c] = re.sub('\\\\\\\\\\|', '|', cell)\n"}
,{"stream_name":"stderr","time":7552.661146807,"data":"/usr/local/lib/python3.12/dist-packages/nbconvert/filters/filter_links.py:36: SyntaxWarning: invalid escape sequence '\\_'\n"}
,{"stream_name":"stderr","time":7552.66117394,"data":"  text = re.sub(r'_', '\\_', text) # Escape underscores in display text\n"}
,{"stream_name":"stderr","time":7553.513020782,"data":"[NbConvertApp] Converting notebook __script__.ipynb to html\n"}
,{"stream_name":"stderr","time":7555.910754524,"data":"[NbConvertApp] Writing 920322 bytes to __results__.html\n"}
]