[{"stream_name":"stdout","time":9.723914941,"data":"======================================================================\n"}
,{"stream_name":"stdout","time":9.724010241,"data":"TSO foundation pretraining V14 — balanced corpus, forced Koopman linearity\n"}
,{"stream_name":"stdout","time":9.724026058,"data":"======================================================================\n"}
,{"stream_name":"stdout","time":9.724030459,"data":"  no CUDA available; running on CPU\n"}
,{"stream_name":"stdout","time":9.724034173,"data":"2.10.0+cpu cuda: False \n"}
,{"stream_name":"stdout","time":9.724037403,"data":"\n"}
,{"stream_name":"stdout","time":9.724040787,"data":"[1/5] corpus from attached datasets\n"}
,{"stream_name":"stdout","time":9.724043939,"data":"  /kaggle/input: ['datasets']\n"}
,{"stream_name":"stdout","time":10.212414203,"data":"  corpus + ecg-215            [physiology  ] len= 3361 held_out=False\n"}
,{"stream_name":"stdout","time":10.214392954,"data":"  corpus + ecg-233            [physiology  ] len= 3067 held_out=False\n"}
,{"stream_name":"stdout","time":10.215954956,"data":"  corpus + ecg-209            [physiology  ] len= 3004 held_out=False\n"}
,{"stream_name":"stdout","time":11.35047448,"data":"  corpus + AEP                [energy-grid ] len= 4096 held_out=False\n"}
,{"stream_name":"stdout","time":11.352030745,"data":"  corpus + COMED              [energy-grid ] len= 4096 held_out=False\n"}
,{"stream_name":"stdout","time":11.353603267,"data":"  corpus + DAYTON             [energy-grid ] len= 4096 held_out=False\n"}
,{"stream_name":"stdout","time":11.355056049,"data":"  corpus + DEOK               [energy-grid ] len= 4096 held_out=False\n"}
,{"stream_name":"stdout","time":11.356631546,"data":"  corpus + DOM                [energy-grid ] len= 4096 held_out=False\n"}
,{"stream_name":"stdout","time":11.358450902,"data":"  corpus + DUQ                [energy-grid ] len= 4096 held_out=False\n"}
,{"stream_name":"stdout","time":11.359622861,"data":"  corpus + EKPC               [energy-grid ] len= 4096 held_out=False\n"}
,{"stream_name":"stdout","time":11.36137379,"data":"  corpus + FE                 [energy-grid ] len= 4096 held_out=False\n"}
,{"stream_name":"stdout","time":11.362637485,"data":"  corpus + NI                 [energy-grid ] len= 4096 held_out=False\n"}
,{"stream_name":"stdout","time":11.364145224,"data":"  corpus + PJME               [energy-grid ] len= 4096 held_out=False\n"}
,{"stream_name":"stdout","time":11.365688437,"data":"  corpus + PJMW               [energy-grid ] len= 4096 held_out=False\n"}
,{"stream_name":"stdout","time":11.914831037999999,"data":"  corpus + weather-Temp3pm    [meteorology ] len= 4096 held_out=False\n"}
,{"stream_name":"stdout","time":11.916358784,"data":"  corpus + weather-MinTemp    [meteorology ] len= 4096 held_out=False\n"}
,{"stream_name":"stdout","time":11.918006697,"data":"  corpus + weather-MaxTemp    [meteorology ] len= 4096 held_out=False\n"}
,{"stream_name":"stdout","time":11.919690296,"data":"  corpus + weather-Temp9am    [meteorology ] len= 4096 held_out=False\n"}
,{"stream_name":"stdout","time":11.921006132,"data":"  corpus + weather-Humidity3pm [meteorology ] len= 4096 held_out=False\n"}
,{"stream_name":"stdout","time":11.922472455,"data":"  corpus + weather-Humidity9am [meteorology ] len= 4096 held_out=False\n"}
,{"stream_name":"stdout","time":11.924017302,"data":"  corpus + weather-Pressure3pm [meteorology ] len= 4096 held_out=False\n"}
,{"stream_name":"stdout","time":11.925600117,"data":"  corpus + weather-Pressure9am [meteorology ] len= 4096 held_out=False\n"}
,{"stream_name":"stdout","time":11.927049626,"data":"  corpus + weather-Rainfall   [meteorology ] len= 4096 held_out=False\n"}
,{"stream_name":"stdout","time":12.306044136,"data":"  corpus + Litecoin           [finance     ] len= 2991 held_out=False\n"}
,{"stream_name":"stdout","time":12.307397298,"data":"  corpus + Bitcoin            [finance     ] len= 2991 held_out=False\n"}
,{"stream_name":"stdout","time":12.308624273,"data":"  corpus + XRP                [finance     ] len= 2893 held_out=False\n"}
,{"stream_name":"stdout","time":12.309956426,"data":"  corpus + Dogecoin           [finance     ] len= 2760 held_out=False\n"}
,{"stream_name":"stdout","time":12.31131067,"data":"  corpus + Monero             [finance     ] len= 2602 held_out=False\n"}
,{"stream_name":"stdout","time":12.312561003999999,"data":"  corpus + Stellar            [finance     ] len= 2527 held_out=False\n"}
,{"stream_name":"stdout","time":12.313831301,"data":"  corpus + Tether             [finance     ] len= 2318 held_out=False\n"}
,{"stream_name":"stdout","time":12.315361221,"data":"  corpus + NEM                [finance     ] len= 2288 held_out=False\n"}
,{"stream_name":"stdout","time":12.329708196,"data":"  corpus + sunspots           [solar-physics] len= 3265 held_out=True\n"}
,{"stream_name":"stdout","time":12.339509712,"data":"  corpus + airline            [economics   ] len=  144 held_out=False\n"}
,{"stream_name":"stdout","time":12.457738435,"data":"  corpus + covid-india        [epidemiology] len=  187 held_out=False\n"}
,{"stream_name":"stdout","time":12.457940404,"data":"  corpus + covid-brazil       [epidemiology] len=  187 held_out=False\n"}
,{"stream_name":"stdout","time":12.4585369,"data":"  corpus + covid-germany      [epidemiology] len=  187 held_out=False\n"}
,{"stream_name":"stdout","time":12.45993757,"data":"  corpus + covid-france       [epidemiology] len= 2067 held_out=False\n"}
,{"stream_name":"stdout","time":12.460521199,"data":"  corpus + covid-us           [epidemiology] len=  187 held_out=True\n"}
,{"stream_name":"stdout","time":13.687074822,"data":"  corpus + lorenz-x           [physics     ] len= 4096 held_out=False\n"}
,{"stream_name":"stdout","time":13.689184688,"data":"  corpus + rossler-x          [physics     ] len= 4096 held_out=False\n"}
,{"stream_name":"stdout","time":13.689223912,"data":"  40 real series, held out: ['sunspots', 'covid-us']\n"}
,{"stream_name":"stdout","time":22.850498603,"data":"  + 192 synthetic dynamics series (attractor sweeps, maps, stochastic regimes)\n"}
,{"stream_name":"stdout","time":22.850545482,"data":"\n"}
,{"stream_name":"stdout","time":22.850566307,"data":"[2/5] AMP training-loop benchmark\n"}
,{"stream_name":"stdout","time":31.466251288,"data":"  [bench] device=cpu amp=False 2.27 ms/iter over 300 iters\n"}
,{"stream_name":"stdout","time":31.684814395,"data":"\n"}
,{"stream_name":"stdout","time":31.684871322,"data":"[3/5] pretraining (latent 256 / hidden 768, 25000 iters, dyn_w=2.5, seed=2, device=cpu, corpus=496 entries = 38 real x8 + 192 synthetic)\n"}
,{"stream_name":"stdout","time":32.399989266,"data":"  pretrain iter     0: loss=4.24186 (recon 0.9905 dyn 1.0179 scale 0.0256 arrow 0.6937 arrow-acc 0.50)\n"}
,{"stream_name":"stdout","time":1675.731971714,"data":"  pretrain iter  5000: loss=2.30606 (recon 0.1255 dyn 0.8548 scale 0.0520 arrow 0.0176 arrow-acc 1.00)\n"}
,{"stream_name":"stdout","time":3270.751814198,"data":"  pretrain iter 10000: loss=0.54173 (recon 0.0283 dyn 0.0492 scale 0.0304 arrow 0.3752 arrow-acc 0.75)\n"}
,{"stream_name":"stdout","time":4885.210465605,"data":"  pretrain iter 15000: loss=1.13619 (recon 0.0425 dyn 0.1210 scale 0.0120 arrow 0.7852 arrow-acc 0.38)\n"}
,{"stream_name":"stdout","time":6475.548789028,"data":"  pretrain iter 20000: loss=1.65047 (recon 0.0371 dyn 0.6389 scale 0.0246 arrow 0.0039 arrow-acc 1.00)\n"}
,{"stream_name":"stdout","time":8039.053883965,"data":"  pretrain iter 24999: loss=2.03141 (recon 0.0241 dyn 0.4982 scale 0.0248 arrow 0.7494 arrow-acc 0.44)\n"}
,{"stream_name":"stdout","time":8041.019342786,"data":"\n"}
,{"stream_name":"stdout","time":8041.019393433,"data":"[4/5] zero-shot transfer + in-kernel baselines\n"}
,{"stream_name":"stdout","time":8045.618972113,"data":"  frozen ecg-215               : skill=   +0.5%  corr=+0.09  gru=   -3.4%\n"}
,{"stream_name":"stdout","time":8049.444641873,"data":"  frozen ecg-233               : skill=   -0.3%  corr=-0.08  gru=   +0.8%\n"}
,{"stream_name":"stdout","time":8053.205998509,"data":"  frozen ecg-209               : skill=   +2.2%  corr=-0.03  gru= -203.5%\n"}
,{"stream_name":"stdout","time":8057.489365859,"data":"  frozen AEP                   : skill=   +4.8%  corr=+0.35  gru= -133.7%\n"}
,{"stream_name":"stdout","time":8060.820626776,"data":"  frozen COMED                 : skill=  +21.9%  corr=+0.31  gru=  -69.8%\n"}
,{"stream_name":"stdout","time":8065.142631096,"data":"  frozen DAYTON                : skill=   +5.0%  corr=+0.30  gru= -130.5%\n"}
,{"stream_name":"stdout","time":8068.534000315,"data":"  frozen DEOK                  : skill=  +38.3%  corr=+0.10  gru=   +6.1%\n"}
,{"stream_name":"stdout","time":8071.895803527,"data":"  frozen DOM                   : skill=  +47.3%  corr=+0.42  gru=  -52.2%\n"}
,{"stream_name":"stdout","time":8076.216718261,"data":"  frozen DUQ                   : skill=  +53.0%  corr=+0.35  gru=  -15.0%\n"}
,{"stream_name":"stdout","time":8079.625578816,"data":"  frozen EKPC                  : skill=  +70.9%  corr=+0.51  gru=  +19.6%\n"}
,{"stream_name":"stdout","time":8083.970857307,"data":"  frozen FE                    : skill=  -14.1%  corr=-0.01  gru= -157.6%\n"}
,{"stream_name":"stdout","time":8087.345798187,"data":"  frozen NI                    : skill=   +2.5%  corr=+0.03  gru= -176.1%\n"}
,{"stream_name":"stdout","time":8091.588238143,"data":"  frozen PJME                  : skill=  +22.7%  corr=+0.02  gru=  +25.7%\n"}
,{"stream_name":"stdout","time":8095.913934693,"data":"  frozen PJMW                  : skill=   -7.6%  corr=-0.07  gru= -102.3%\n"}
,{"stream_name":"stdout","time":8100.246336018,"data":"  frozen weather-Temp3pm       : skill=   -4.4%  corr=+0.03  gru=  -43.2%\n"}
,{"stream_name":"stdout","time":8104.597003922,"data":"  frozen weather-MinTemp       : skill=  -23.8%  corr=+0.06  gru= -209.5%\n"}
,{"stream_name":"stdout","time":8108.975737288,"data":"  frozen weather-MaxTemp       : skill=   -0.3%  corr=+0.04  gru=  -78.1%\n"}
,{"stream_name":"stdout","time":8113.471101246,"data":"  frozen weather-Temp9am       : skill=  +28.4%  corr=+0.15  gru=  -48.7%\n"}
,{"stream_name":"stdout","time":8117.947433678,"data":"  frozen weather-Humidity3pm   : skill=  +17.2%  corr=+0.11  gru=  -41.3%\n"}
,{"stream_name":"stdout","time":8122.31631678,"data":"  frozen weather-Humidity9am   : skill=  +22.2%  corr=+0.02  gru=  +21.8%\n"}
,{"stream_name":"stdout","time":8126.913903966,"data":"  frozen weather-Pressure3pm   : skill=  +17.9%  corr=+0.12  gru=  +17.3%\n"}
,{"stream_name":"stdout","time":8131.368141172,"data":"  frozen weather-Pressure9am   : skill=  +33.1%  corr=+0.12  gru=  +33.8%\n"}
,{"stream_name":"stdout","time":8136.84240414,"data":"  frozen weather-Rainfall      : skill=   +0.1%  corr=+0.04  gru=   +7.9%\n"}
,{"stream_name":"stdout","time":8138.138368563,"data":"  frozen Litecoin              : skill=  +16.2%  corr=+0.27  gru=  -16.1%\n"}
,{"stream_name":"stdout","time":8139.487502829,"data":"  frozen Bitcoin               : skill=  -40.5%  corr=-0.61  gru=  -64.4%\n"}
,{"stream_name":"stdout","time":8140.922952395,"data":"  frozen XRP                   : skill=  +41.8%  corr=+0.82  gru= -590.2%\n"}
,{"stream_name":"stdout","time":8142.127936374,"data":"  frozen Dogecoin              : skill=-1361.0%  corr=-0.17  gru=-1962.5%\n"}
,{"stream_name":"stdout","time":8143.498035008,"data":"  frozen Monero                : skill=  +31.0%  corr=+0.71  gru= -147.5%\n"}
,{"stream_name":"stdout","time":8144.782600193,"data":"  frozen Stellar               : skill=   -5.9%  corr=+0.81  gru=  -43.5%\n"}
,{"stream_name":"stdout","time":8146.055047825,"data":"  frozen Tether                : skill=  +16.2%  corr=+0.56  gru=-1506.2%\n"}
,{"stream_name":"stdout","time":8147.392356502,"data":"  frozen NEM                   : skill= -184.7%  corr=-0.88  gru=-1321.7%\n"}
,{"stream_name":"stdout","time":8150.828046691,"data":"  frozen sunspots              : skill=  +11.9%  corr=-0.20  gru= -281.1%\n"}
,{"stream_name":"stdout","time":8151.485743082,"data":"  frozen airline               : skill=  -11.9%  corr=-0.35  gru=  -67.6%\n"}
,{"stream_name":"stdout","time":8152.108579218,"data":"  frozen covid-india           : skill=-52595.9%  corr=+0.30  gru=-24021.4%\n"}
,{"stream_name":"stdout","time":8152.926473618,"data":"  frozen covid-brazil          : skill=  +30.8%  corr=+0.11  gru=  +17.5%\n"}
,{"stream_name":"stdout","time":8153.663546982,"data":"  frozen covid-germany         : skill= -281.1%  corr=+0.11  gru=-1116.3%\n"}
,{"stream_name":"stdout","time":8155.154436812,"data":"  frozen covid-france          : skill=   -1.0%  corr=-0.02  gru=   -0.0%\n"}
,{"stream_name":"stdout","time":8155.87803214,"data":"  frozen covid-us              : skill=-1148.0%  corr=+0.04  gru= -850.5%\n"}
,{"stream_name":"stdout","time":8159.48920376,"data":"  frozen lorenz-x              : skill=   -4.5%  corr=-0.56  gru=  +11.6%\n"}
,{"stream_name":"stdout","time":8161.548481523,"data":"  frozen rossler-x             : skill=  -87.2%  corr=-0.66  gru=  -56.7%\n"}
,{"stream_name":"stdout","time":8166.292574793,"data":"  scratch sunspots              : skill=  +22.8%  corr=-0.03\n"}
,{"stream_name":"stdout","time":8168.757142493,"data":"  scratch covid-us              : skill=  -51.6%  corr=+0.50\n"}
,{"stream_name":"stdout","time":8178.770563011,"data":"  SOLAR-CYCLE DISCOVERY: the frozen operator on the held-out sunspot series reads a dominant period of 129 months (10.8 years) at the coarsest scale — against the known Schwabe cycle of 132 months (~11 years).\n"}
,{"stream_name":"stdout","time":8178.772534637,"data":"\n"}
,{"stream_name":"stdout","time":8178.772560408,"data":"  -\u003e outputs in /kaggle/working:\n"}
,{"stream_name":"stdout","time":8178.772567896,"data":"     foundation_model.pt\n"}
,{"stream_name":"stdout","time":8178.772573205,"data":"     latent_geometry.png\n"}
,{"stream_name":"stdout","time":8178.772578823,"data":"     metrics.json\n"}
,{"stream_name":"stdout","time":8178.772592379,"data":"     pretrain_curves.png\n"}
,{"stream_name":"stdout","time":8178.772597719,"data":"     solar_cycle.png\n"}
,{"stream_name":"stdout","time":8178.772603304,"data":"     train_loop_bench.json\n"}
,{"stream_name":"stdout","time":8178.772609117,"data":"     zero_shot_covid-us.png\n"}
,{"stream_name":"stdout","time":8178.77261448,"data":"     zero_shot_sunspots.png\n"}
,{"stream_name":"stdout","time":8178.772619922,"data":"DONE\n"}
,{"stream_name":"stderr","time":8184.224196129,"data":"/usr/local/lib/python3.12/dist-packages/mistune.py:435: SyntaxWarning: invalid escape sequence '\\|'\n"}
,{"stream_name":"stderr","time":8184.224251233,"data":"  cells[i][c] = re.sub('\\\\\\\\\\|', '|', cell)\n"}
,{"stream_name":"stderr","time":8184.806435947,"data":"/usr/local/lib/python3.12/dist-packages/nbconvert/filters/filter_links.py:36: SyntaxWarning: invalid escape sequence '\\_'\n"}
,{"stream_name":"stderr","time":8184.806493653,"data":"  text = re.sub(r'_', '\\_', text) # Escape underscores in display text\n"}
,{"stream_name":"stderr","time":8185.935556847,"data":"[NbConvertApp] Converting notebook __script__.ipynb to html\n"}
,{"stream_name":"stderr","time":8189.562242698,"data":"[NbConvertApp] Writing 920322 bytes to __results__.html\n"}
]